Component: ARM Compiler 5.05 update 1 (build 106) Tool: armlink [4d0efa]

==============================================================================

Section Cross References

    system_stm32f4xx.o(i.SystemCoreClockUpdate) refers to system_stm32f4xx.o(.data) for .data
    system_stm32f4xx.o(i.SystemCoreClockUpdate) refers to system_stm32f4xx.o(.constdata) for .constdata
    dhcp.o(i.dhcp_arp_reply) refers to dhcp.o(i.dhcp_decline) for dhcp_decline
    dhcp.o(i.dhcp_arp_reply) refers to printf3.o(i.__0printf$3) for __2printf
    dhcp.o(i.dhcp_bind) refers to printf3.o(i.__0printf$3) for __2printf
    dhcp.o(i.dhcp_bind) refers to dhcp.o(i.dhcp_set_state) for dhcp_set_state
    dhcp.o(i.dhcp_bind) refers to netif.o(i.netif_set_addr) for netif_set_addr
    dhcp.o(i.dhcp_check) refers to dhcp.o(i.dhcp_set_state) for dhcp_set_state
    dhcp.o(i.dhcp_check) refers to etharp.o(i.etharp_query) for etharp_query
    dhcp.o(i.dhcp_cleanup) refers to printf3.o(i.__0printf$3) for __2printf
    dhcp.o(i.dhcp_cleanup) refers to mem.o(i.mem_free) for mem_free
    dhcp.o(i.dhcp_coarse_tmr) refers to dhcp.o(i.dhcp_release) for dhcp_release
    dhcp.o(i.dhcp_coarse_tmr) refers to dhcp.o(i.dhcp_discover) for dhcp_discover
    dhcp.o(i.dhcp_coarse_tmr) refers to dhcp.o(i.dhcp_rebind) for dhcp_rebind
    dhcp.o(i.dhcp_coarse_tmr) refers to dhcp.o(i.dhcp_renew) for dhcp_renew
    dhcp.o(i.dhcp_coarse_tmr) refers to netif.o(.data) for netif_list
    dhcp.o(i.dhcp_create_msg) refers to printf3.o(i.__0printf$3) for __2printf
    dhcp.o(i.dhcp_create_msg) refers to pbuf.o(i.pbuf_alloc) for pbuf_alloc
    dhcp.o(i.dhcp_create_msg) refers to rand.o(.text) for rand
    dhcp.o(i.dhcp_create_msg) refers to def.o(i.lwip_htonl) for lwip_htonl
    dhcp.o(i.dhcp_create_msg) refers to dhcp.o(i.dhcp_option) for dhcp_option
    dhcp.o(i.dhcp_create_msg) refers to dhcp.o(i.dhcp_option_byte) for dhcp_option_byte
    dhcp.o(i.dhcp_create_msg) refers to dhcp.o(.data) for .data
    dhcp.o(i.dhcp_dec_pcb_refcount) refers to printf3.o(i.__0printf$3) for __2printf
    dhcp.o(i.dhcp_dec_pcb_refcount) refers to udp.o(i.udp_remove) for udp_remove
    dhcp.o(i.dhcp_dec_pcb_refcount) refers to dhcp.o(.data) for .data
    dhcp.o(i.dhcp_decline) refers to dhcp.o(i.dhcp_set_state) for dhcp_set_state
    dhcp.o(i.dhcp_decline) refers to dhcp.o(i.dhcp_create_msg) for dhcp_create_msg
    dhcp.o(i.dhcp_decline) refers to dhcp.o(i.dhcp_option) for dhcp_option
    dhcp.o(i.dhcp_decline) refers to def.o(i.lwip_htonl) for lwip_htonl
    dhcp.o(i.dhcp_decline) refers to dhcp.o(i.dhcp_option_long) for dhcp_option_long
    dhcp.o(i.dhcp_decline) refers to dhcp.o(i.dhcp_option_trailer) for dhcp_option_trailer
    dhcp.o(i.dhcp_decline) refers to pbuf.o(i.pbuf_realloc) for pbuf_realloc
    dhcp.o(i.dhcp_decline) refers to udp.o(i.udp_sendto_if_src) for udp_sendto_if_src
    dhcp.o(i.dhcp_decline) refers to dhcp.o(i.dhcp_delete_msg) for dhcp_delete_msg
    dhcp.o(i.dhcp_decline) refers to ip4_addr.o(.constdata) for ip_addr_any
    dhcp.o(i.dhcp_decline) refers to ip4_addr.o(.constdata) for ip_addr_broadcast
    dhcp.o(i.dhcp_decline) refers to dhcp.o(.data) for .data
    dhcp.o(i.dhcp_delete_msg) refers to printf3.o(i.__0printf$3) for __2printf
    dhcp.o(i.dhcp_delete_msg) refers to pbuf.o(i.pbuf_free) for pbuf_free
    dhcp.o(i.dhcp_discover) refers to dhcp.o(i.dhcp_set_state) for dhcp_set_state
    dhcp.o(i.dhcp_discover) refers to dhcp.o(i.dhcp_create_msg) for dhcp_create_msg
    dhcp.o(i.dhcp_discover) refers to dhcp.o(i.dhcp_option) for dhcp_option
    dhcp.o(i.dhcp_discover) refers to dhcp.o(i.dhcp_option_short) for dhcp_option_short
    dhcp.o(i.dhcp_discover) refers to dhcp.o(i.dhcp_option_byte) for dhcp_option_byte
    dhcp.o(i.dhcp_discover) refers to dhcp.o(i.dhcp_option_trailer) for dhcp_option_trailer
    dhcp.o(i.dhcp_discover) refers to pbuf.o(i.pbuf_realloc) for pbuf_realloc
    dhcp.o(i.dhcp_discover) refers to udp.o(i.udp_sendto_if_src) for udp_sendto_if_src
    dhcp.o(i.dhcp_discover) refers to dhcp.o(i.dhcp_delete_msg) for dhcp_delete_msg
    dhcp.o(i.dhcp_discover) refers to dhcp.o(.data) for .data
    dhcp.o(i.dhcp_discover) refers to ip4_addr.o(.constdata) for ip_addr_any
    dhcp.o(i.dhcp_discover) refers to ip4_addr.o(.constdata) for ip_addr_broadcast
    dhcp.o(i.dhcp_fine_tmr) refers to dhcp.o(i.dhcp_timeout) for dhcp_timeout
    dhcp.o(i.dhcp_fine_tmr) refers to netif.o(.data) for netif_list
    dhcp.o(i.dhcp_handle_ack) refers to def.o(i.lwip_htonl) for lwip_htonl
    dhcp.o(i.dhcp_handle_ack) refers to dhcp.o(.data) for .data
    dhcp.o(i.dhcp_handle_ack) refers to dhcp.o(.bss) for .bss
    dhcp.o(i.dhcp_inc_pcb_refcount) refers to printf3.o(i.__0printf$3) for __2printf
    dhcp.o(i.dhcp_inc_pcb_refcount) refers to udp.o(i.udp_new) for udp_new
    dhcp.o(i.dhcp_inc_pcb_refcount) refers to udp.o(i.udp_bind) for udp_bind
    dhcp.o(i.dhcp_inc_pcb_refcount) refers to udp.o(i.udp_connect) for udp_connect
[...]
    tcphdr                                   0x200000c0   Data           4  tcp_in.o(.data)
    tcphdr_opt2                              0x200000c4   Data           4  tcp_in.o(.data)
    seqno                                    0x200000c8   Data           4  tcp_in.o(.data)
    ackno                                    0x200000cc   Data           4  tcp_in.o(.data)
    recv_data                                0x200000d0   Data           4  tcp_in.o(.data)
    .data                                    0x200000d8   Section       12  timeouts.o(.data)
    next_timeout                             0x200000d8   Data           4  timeouts.o(.data)
    timeouts_last_time                       0x200000dc   Data           4  timeouts.o(.data)
    tcpip_tcp_timer_active                   0x200000e0   Data           4  timeouts.o(.data)
    .data                                    0x200000e4   Section        8  udp.o(.data)
    udp_port                                 0x200000e4   Data           2  udp.o(.data)
    .data                                    0x200000ec   Section        4  rand.o(.data)
    _rand_state                              0x200000ec   Data           4  rand.o(.data)
    .data                                    0x200000f0   Section        4  stdout.o(.data)
    .bss                                     0x200000f4   Section       32  dhcp.o(.bss)
    .bss                                     0x20000114   Section      240  etharp.o(.bss)
    arp_table                                0x20000114   Data         240  etharp.o(.bss)
    .bss                                     0x20000204   Section       16  ip4_addr.o(.bss)
    str                                      0x20000204   Data          16  ip4_addr.o(.bss)
    .bss                                     0x20000214   Section       32  stm32f4xx_hal_flash.o(.bss)
    .bss                                     0x20000234   Section       56  main.o(.bss)
    .bss                                     0x2000026c   Section    12520  ethernetif.o(.bss)
    .bss                                     0x20003354   Section     2304  usart.o(.bss)
    .bss                                     0x20003c54   Section       24  ip.o(.bss)
    .bss                                     0x20003c6c   Section    10259  mem.o(.bss)
    .bss                                     0x2000647f   Section      195  memp.o(.bss)
    .bss                                     0x20006542   Section     1483  memp.o(.bss)
    .bss                                     0x20006b0d   Section      143  memp.o(.bss)
    .bss                                     0x20006b9c   Section      131  memp.o(.bss)
    .bss                                     0x20006c1f   Section      163  memp.o(.bss)
    .bss                                     0x20006cc2   Section      363  memp.o(.bss)
    .bss                                     0x20006e2d   Section      163  memp.o(.bss)
    .bss                                     0x20006ed0   Section      163  memp.o(.bss)
    .bss                                     0x20006f73   Section    12323  memp.o(.bss)
    .bss                                     0x20009f98   Section       16  tcp_in.o(.bss)
    inseg                                    0x20009f98   Data          16  tcp_in.o(.bss)
    STACK                                    0x20009fa8   Section     5376  startup_stm32f427xx.o(STACK)

    Global Symbols

    Symbol Name                              Value     Ov Type        Size  Object(Section)

    BuildAttributes$$THM_ISAv4$E$P$D$K$B$S$7EM$VFPi3$EXTD16$VFPS$VFMA$PE$A:L22UL41UL21$X:L11$S22US41US21$IEEE1$IW$USESV6$~STKCKD$USESV7$~SHL$OSPACE$ROPI$EBA8$MICROLIB$REQ8$PRES8$EABIv2 0x00000000   Number         0  anon$$obj.o ABSOLUTE
    __ARM_use_no_argv                        0x00000000   Number         0  main.o ABSOLUTE
    _printf_a                                0x00000000   Number         0  stubs.o ABSOLUTE
    _printf_c                                0x00000000   Number         0  stubs.o ABSOLUTE
    _printf_charcount                        0x00000000   Number         0  stubs.o ABSOLUTE
    _printf_d                                0x00000000   Number         0  stubs.o ABSOLUTE
    _printf_e                                0x00000000   Number         0  stubs.o ABSOLUTE
    _printf_f                                0x00000000   Number         0  stubs.o ABSOLUTE
    _printf_flags                            0x00000000   Number         0  stubs.o ABSOLUTE
    _printf_fp_dec                           0x00000000   Number         0  stubs.o ABSOLUTE
    _printf_fp_hex                           0x00000000   Number         0  stubs.o ABSOLUTE
    _printf_g                                0x00000000   Number         0  stubs.o ABSOLUTE
    _printf_i                                0x00000000   Number         0  stubs.o ABSOLUTE
    _printf_int_dec                          0x00000000   Number         0  stubs.o ABSOLUTE
    _printf_l                                0x00000000   Number         0  stubs.o ABSOLUTE
    _printf_lc                               0x00000000   Number         0  stubs.o ABSOLUTE
    _printf_ll                               0x00000000   Number         0  stubs.o ABSOLUTE
    _printf_lld                              0x00000000   Number         0  stubs.o ABSOLUTE
    _printf_lli                              0x00000000   Number         0  stubs.o ABSOLUTE
    _printf_llo                              0x00000000   Number         0  stubs.o ABSOLUTE
    _printf_llu                              0x00000000   Number         0  stubs.o ABSOLUTE
    _printf_llx                              0x00000000   Number         0  stubs.o ABSOLUTE
    _printf_longlong_dec                     0x00000000   Number         0  stubs.o ABSOLUTE
    _printf_longlong_hex                     0x00000000   Number         0  stubs.o ABSOLUTE
    _printf_longlong_oct                     0x00000000   Number         0  stubs.o ABSOLUTE
    _printf_ls                               0x00000000   Number         0  stubs.o ABSOLUTE
    _printf_mbtowc                           0x00000000   Number         0  stubs.o ABSOLUTE
    _printf_n                                0x00000000   Number         0  stubs.o ABSOLUTE
    _printf_o                                0x00000000   Number         0  stubs.o ABSOLUTE
    _printf_p                                0x00000000   Number         0  stubs.o ABSOLUTE
    _printf_percent                          0x00000000   Number         0  stubs.o ABSOLUTE
    _printf_pre_padding                      0x00000000   Number         0  stubs.o ABSOLUTE
    _printf_return_value                     0x00000000   Number         0  stubs.o ABSOLUTE
    _printf_s                                0x00000000   Number         0  stubs.o ABSOLUTE
    _printf_sizespec                         0x00000000   Number         0  stubs.o ABSOLUTE
    _printf_str                              0x00000000   Number         0  stubs.o ABSOLUTE
    _printf_truncate_signed                  0x00000000   Number         0  stubs.o ABSOLUTE
    _printf_truncate_unsigned                0x00000000   Number         0  stubs.o ABSOLUTE
    _printf_u                                0x00000000   Number         0  stubs.o ABSOLUTE
    _printf_wc                               0x00000000   Number         0  stubs.o ABSOLUTE
    _printf_wctomb                           0x00000000   Number         0  stubs.o ABSOLUTE
    _printf_widthprec                        0x00000000   Number         0  stubs.o ABSOLUTE
    _printf_x                                0x00000000   Number         0  stubs.o ABSOLUTE
    __cpp_initialize__aeabi_                  - Undefined Weak Reference
    __cxa_finalize                            - Undefined Weak Reference
    __decompress                              - Undefined Weak Reference
    _clock_init                               - Undefined Weak Reference
    _microlib_exit                            - Undefined Weak Reference
    __Vectors_Size                           0x000001ac   Number         0  startup_stm32f427xx.o ABSOLUTE
    __Vectors                                0x08000000   Data           4  startup_stm32f427xx.o(RESET)
    __Vectors_End                            0x080001ac   Data           0  startup_stm32f427xx.o(RESET)
    __main                                   0x080001ad   Thumb Code     0  entry.o(.ARM.Collect$$$$00000000)
    _main_stk                                0x080001ad   Thumb Code     0  entry2.o(.ARM.Collect$$$$00000001)
    _main_scatterload                        0x080001b1   Thumb Code     0  entry5.o(.ARM.Collect$$$$00000004)
    __main_after_scatterload                 0x080001b5   Thumb Code     0  entry5.o(.ARM.Collect$$$$00000004)
    _main_clock                              0x080001b5   Thumb Code     0  entry7b.o(.ARM.Collect$$$$00000008)
    _main_cpp_init                           0x080001b5   Thumb Code     0  entry8b.o(.ARM.Collect$$$$0000000A)
    _main_init                               0x080001b5   Thumb Code     0  entry9a.o(.ARM.Collect$$$$0000000B)
    __rt_final_cpp                           0x080001bd   Thumb Code     0  entry10a.o(.ARM.Collect$$$$0000000D)
    __rt_final_exit                          0x080001bd   Thumb Code     0  entry11a.o(.ARM.Collect$$$$0000000F)
    Reset_Handler                            0x080001c1   Thumb Code     8  startup_stm32f427xx.o(.text)
    SVC_Handler                              0x080001d3   Thumb Code     2  startup_stm32f427xx.o(.text)
    PendSV_Handler                           0x080001d7   Thumb Code     2  startup_stm32f427xx.o(.text)
    ADC_IRQHandler                           0x080001db   Thumb Code     0  startup_stm32f427xx.o(.text)
    CAN1_RX0_IRQHandler                      0x080001db   Thumb Code     0  startup_stm32f427xx.o(.text)
    CAN1_RX1_IRQHandler                      0x080001db   Thumb Code     0  startup_stm32f427xx.o(.text)
    CAN1_SCE_IRQHandler                      0x080001db   Thumb Code     0  startup_stm32f427xx.o(.text)
    CAN1_TX_IRQHandler                       0x080001db   Thumb Code     0  startup_stm32f427xx.o(.text)
    CAN2_RX0_IRQHandler                      0x080001db   Thumb Code     0  startup_stm32f427xx.o(.text)
    CAN2_RX1_IRQHandler                      0x080001db   Thumb Code     0  startup_stm32f427xx.o(.text)
    CAN2_SCE_IRQHandler                      0x080001db   Thumb Code     0  startup_stm32f427xx.o(.text)
    CAN2_TX_IRQHandler                       0x080001db   Thumb Code     0  startup_stm32f427xx.o(.text)
    DCMI_IRQHandler                          0x080001db   Thumb Code     0  startup_stm32f427xx.o(.text)
    DMA1_Stream1_IRQHandler                  0x080001db   Thumb Code     0  startup_stm32f427xx.o(.text)
    DMA1_Stream2_IRQHandler                  0x080001db   Thumb Code     0  startup_stm32f427xx.o(.text)
    DMA1_Stream3_IRQHandler                  0x080001db   Thumb Code     0  startup_stm32f427xx.o(.text)
    DMA1_Stream4_IRQHandler                  0x080001db   Thumb Code     0  startup_stm32f427xx.o(.text)
    DMA1_Stream5_IRQHandler                  0x080001db   Thumb Code     0  startup_stm32f427xx.o(.text)
    DMA1_Stream6_IRQHandler                  0x080001db   Thumb Code     0  startup_stm32f427xx.o(.text)
    DMA2D_IRQHandler                         0x080001db   Thumb Code     0  startup_stm32f427xx.o(.text)
    DMA2_Stream0_IRQHandler                  0x080001db   Thumb Code     0  startup_stm32f427xx.o(.text)
    DMA2_Stream1_IRQHandler                  0x080001db   Thumb Code     0  startup_stm32f427xx.o(.text)
    DMA2_Stream2_IRQHandler                  0x080001db   Thumb Code     0  startup_stm32f427xx.o(.text)
    DMA2_Stream3_IRQHandler                  0x080001db   Thumb Code     0  startup_stm32f427xx.o(.text)
    DMA2_Stream4_IRQHandler                  0x080001db   Thumb Code     0  startup_stm32f427xx.o(.text)
    DMA2_Stream5_IRQHandler                  0x080001db   Thumb Code     0  startup_stm32f427xx.o(.text)
    DMA2_Stream6_IRQHandler                  0x080001db   Thumb Code     0  startup_stm32f427xx.o(.text)
    DMA2_Stream7_IRQHandler                  0x080001db   Thumb Code     0  startup_stm32f427xx.o(.text)
    ETH_IRQHandler                           0x080001db   Thumb Code     0  startup_stm32f427xx.o(.text)
    ETH_WKUP_IRQHandler                      0x080001db   Thumb Code     0  startup_stm32f427xx.o(.text)
    EXTI0_IRQHandler                         0x080001db   Thumb Code     0  startup_stm32f427xx.o(.text)
    EXTI1_IRQHandler                         0x080001db   Thumb Code     0  startup_stm32f427xx.o(.text)
    EXTI2_IRQHandler                         0x080001db   Thumb Code     0  startup_stm32f427xx.o(.text)
    EXTI3_IRQHandler                         0x080001db   Thumb Code     0  startup_stm32f427xx.o(.text)
    EXTI4_IRQHandler                         0x080001db   Thumb Code     0  startup_stm32f427xx.o(.text)
    EXTI9_5_IRQHandler                       0x080001db   Thumb Code     0  startup_stm32f427xx.o(.text)
    FLASH_IRQHandler                         0x080001db   Thumb Code     0  startup_stm32f427xx.o(.text)
    FMC_IRQHandler                           0x080001db   Thumb Code     0  startup_stm32f427xx.o(.text)
    FPU_IRQHandler                           0x080001db   Thumb Code     0  startup_stm32f427xx.o(.text)
    HASH_RNG_IRQHandler                      0x080001db   Thumb Code     0  startup_stm32f427xx.o(.text)
    I2C1_ER_IRQHandler                       0x080001db   Thumb Code     0  startup_stm32f427xx.o(.text)
    I2C1_EV_IRQHandler                       0x080001db   Thumb Code     0  startup_stm32f427xx.o(.text)
    I2C2_ER_IRQHandler                       0x080001db   Thumb Code     0  startup_stm32f427xx.o(.text)
    I2C2_EV_IRQHandler                       0x080001db   Thumb Code     0  startup_stm32f427xx.o(.text)
    I2C3_ER_IRQHandler                       0x080001db   Thumb Code     0  startup_stm32f427xx.o(.text)
    I2C3_EV_IRQHandler                       0x080001db   Thumb Code     0  startup_stm32f427xx.o(.text)
    OTG_FS_IRQHandler                        0x080001db   Thumb Code     0  startup_stm32f427xx.o(.text)
    OTG_FS_WKUP_IRQHandler                   0x080001db   Thumb Code     0  startup_stm32f427xx.o(.text)
    OTG_HS_EP1_IN_IRQHandler                 0x080001db   Thumb Code     0  startup_stm32f427xx.o(.text)
    OTG_HS_EP1_OUT_IRQHandler                0x080001db   Thumb Code     0  startup_stm32f427xx.o(.text)
    OTG_HS_IRQHandler                        0x080001db   Thumb Code     0  startup_stm32f427xx.o(.text)
    OTG_HS_WKUP_IRQHandler                   0x080001db   Thumb Code     0  startup_stm32f427xx.o(.text)
    PVD_IRQHandler                           0x080001db   Thumb Code     0  startup_stm32f427xx.o(.text)
    RCC_IRQHandler                           0x080001db   Thumb Code     0  startup_stm32f427xx.o(.text)
    RTC_Alarm_IRQHandler                     0x080001db   Thumb Code     0  startup_stm32f427xx.o(.text)
    RTC_WKUP_IRQHandler                      0x080001db   Thumb Code     0  startup_stm32f427xx.o(.text)
    SAI1_IRQHandler                          0x080001db   Thumb Code     0  startup_stm32f427xx.o(.text)
    SDIO_IRQHandler                          0x080001db   Thumb Code     0  startup_stm32f427xx.o(.text)
    SPI1_IRQHandler                          0x080001db   Thumb Code     0  startup_stm32f427xx.o(.text)
    SPI2_IRQHandler                          0x080001db   Thumb Code     0  startup_stm32f427xx.o(.text)
    SPI3_IRQHandler                          0x080001db   Thumb Code     0  startup_stm32f427xx.o(.text)
    SPI4_IRQHandler                          0x080001db   Thumb Code     0  startup_stm32f427xx.o(.text)
    SPI5_IRQHandler                          0x080001db   Thumb Code     0  startup_stm32f427xx.o(.text)
    SPI6_IRQHandler                          0x080001db   Thumb Code     0  startup_stm32f427xx.o(.text)
    TAMP_STAMP_IRQHandler                    0x080001db   Thumb Code     0  startup_stm32f427xx.o(.text)
    TIM1_BRK_TIM9_IRQHandler                 0x080001db   Thumb Code     0  startup_stm32f427xx.o(.text)
    TIM1_CC_IRQHandler                       0x080001db   Thumb Code     0  startup_stm32f427xx.o(.text)
    TIM1_TRG_COM_TIM11_IRQHandler            0x080001db   Thumb Code     0  startup_stm32f427xx.o(.text)
    TIM1_UP_TIM10_IRQHandler                 0x080001db   Thumb Code     0  startup_stm32f427xx.o(.text)
    TIM2_IRQHandler                          0x080001db   Thumb Code     0  startup_stm32f427xx.o(.text)
    TIM3_IRQHandler                          0x080001db   Thumb Code     0  startup_stm32f427xx.o(.text)
    TIM4_IRQHandler                          0x080001db   Thumb Code     0  startup_stm32f427xx.o(.text)
    TIM5_IRQHandler                          0x080001db   Thumb Code     0  startup_stm32f427xx.o(.text)
    TIM6_DAC_IRQHandler                      0x080001db   Thumb Code     0  startup_stm32f427xx.o(.text)
    TIM7_IRQHandler                          0x080001db   Thumb Code     0  startup_stm32f427xx.o(.text)
    TIM8_BRK_TIM12_IRQHandler                0x080001db   Thumb Code     0  startup_stm32f427xx.o(.text)
    TIM8_CC_IRQHandler                       0x080001db   Thumb Code     0  startup_stm32f427xx.o(.text)
    TIM8_TRG_COM_TIM14_IRQHandler            0x080001db   Thumb Code     0  startup_stm32f427xx.o(.text)
    TIM8_UP_TIM13_IRQHandler                 0x080001db   Thumb Code     0  startup_stm32f427xx.o(.text)
    UART4_IRQHandler                         0x080001db   Thumb Code     0  startup_stm32f427xx.o(.text)
    UART7_IRQHandler                         0x080001db   Thumb Code     0  startup_stm32f427xx.o(.text)
    UART8_IRQHandler                         0x080001db   Thumb Code     0  startup_stm32f427xx.o(.text)
    USART1_IRQHandler                        0x080001db   Thumb Code     0  startup_stm32f427xx.o(.text)
    USART2_IRQHandler                        0x080001db   Thumb Code     0  startup_stm32f427xx.o(.text)
    USART3_IRQHandler                        0x080001db   Thumb Code     0  startup_stm32f427xx.o(.text)
    USART6_IRQHandler                        0x080001db   Thumb Code     0  startup_stm32f427xx.o(.text)
    WWDG_IRQHandler                          0x080001db   Thumb Code     0  startup_stm32f427xx.o(.text)
    __aeabi_uldivmod                         0x080001e5   Thumb Code    98  uldiv.o(.text)
    rand                                     0x08000249   Thumb Code    20  rand.o(.text)
    srand                                    0x0800025d   Thumb Code     6  rand.o(.text)
    __aeabi_memcpy                           0x0800026d   Thumb Code    36  memcpya.o(.text)
    __aeabi_memcpy4                          0x0800026d   Thumb Code     0  memcpya.o(.text)
    __aeabi_memcpy8                          0x0800026d   Thumb Code     0  memcpya.o(.text)
    __aeabi_memset                           0x08000291   Thumb Code    14  memseta.o(.text)
    __aeabi_memset4                          0x08000291   Thumb Code     0  memseta.o(.text)
    __aeabi_memset8                          0x08000291   Thumb Code     0  memseta.o(.text)
    __aeabi_memclr                           0x0800029f   Thumb Code     4  memseta.o(.text)
    __aeabi_memclr4                          0x0800029f   Thumb Code     0  memseta.o(.text)
    __aeabi_memclr8                          0x0800029f   Thumb Code     0  memseta.o(.text)
    _memset$wrapper                          0x080002a3   Thumb Code    18  memseta.o(.text)
    strncpy                                  0x080002b5   Thumb Code    24  strncpy.o(.text)
    strlen                                   0x080002cd   Thumb Code    14  strlen.o(.text)
    memcmp                                   0x080002db   Thumb Code    26  memcmp.o(.text)
    __aeabi_uidiv                            0x080002f5   Thumb Code     0  uidiv.o(.text)
    __aeabi_uidivmod                         0x080002f5   Thumb Code    44  uidiv.o(.text)
    __aeabi_llsl                             0x08000321   Thumb Code    30  llshl.o(.text)
    _ll_shift_l                              0x08000321   Thumb Code     0  llshl.o(.text)
    __aeabi_llsr                             0x0800033f   Thumb Code    32  llushr.o(.text)
    _ll_ushift_r                             0x0800033f   Thumb Code     0  llushr.o(.text)
    __scatterload                            0x08000361   Thumb Code    28  init.o(.text)
    __scatterload_rt2                        0x08000361   Thumb Code     0  init.o(.text)
    BSP_LED_On                               0x080004fd   Thumb Code    40  main.o(i.BSP_LED_On)
    BusFault_Handler                         0x08000529   Thumb Code     2  stm32f4xx_it.o(i.BusFault_Handler)
    DHCP_Periodic_Handle                     0x0800052d   Thumb Code    38  app_ethernet.o(i.DHCP_Periodic_Handle)
    DHCP_Process                             0x08000559   Thumb Code   214  app_ethernet.o(i.DHCP_Process)
    DMA1_Stream0_IRQHandler                  0x080006c1   Thumb Code     6  stm32f4xx_it.o(i.DMA1_Stream0_IRQHandler)
    DMA1_Stream7_IRQHandler                  0x080006cd   Thumb Code     6  stm32f4xx_it.o(i.DMA1_Stream7_IRQHandler)
    DebugMon_Handler                         0x0800077d   Thumb Code     2  stm32f4xx_it.o(i.DebugMon_Handler)
    EXTI15_10_IRQHandler                     0x080008f5   Thumb Code     8  stm32f4xx_it.o(i.EXTI15_10_IRQHandler)
    Error_Handler                            0x080008fd   Thumb Code     2  main.o(i.Error_Handler)
    FLASH_Erase_Sector                       0x08000901   Thumb Code    80  stm32f4xx_hal_flash_ex.o(i.FLASH_Erase_Sector)
    FLASH_FlushCaches                        0x08000955   Thumb Code    80  stm32f4xx_hal_flash_ex.o(i.FLASH_FlushCaches)
    FLASH_If_Erase                           0x080009a9   Thumb Code    46  flash_if.o(i.FLASH_If_Erase)
    FLASH_If_Init                            0x080009dd   Thumb Code     4  flash_if.o(i.FLASH_If_Init)
    FLASH_If_Write                           0x080009e1   Thumb Code    76  flash_if.o(i.FLASH_If_Write)
    FLASH_WaitForLastOperation               0x08000b81   Thumb Code    72  stm32f4xx_hal_flash.o(i.FLASH_WaitForLastOperation)
    HAL_DMA_Abort                            0x08000bd1   Thumb Code   142  stm32f4xx_hal_dma.o(i.HAL_DMA_Abort)
    HAL_DMA_Abort_IT                         0x08000c5f   Thumb Code    36  stm32f4xx_hal_dma.o(i.HAL_DMA_Abort_IT)
    HAL_DMA_GetError                         0x08000c83   Thumb Code     4  stm32f4xx_hal_dma.o(i.HAL_DMA_GetError)
    HAL_DMA_IRQHandler                       0x08000c89   Thumb Code   412  stm32f4xx_hal_dma.o(i.HAL_DMA_IRQHandler)
    HAL_DMA_Init                             0x08000e29   Thumb Code   206  stm32f4xx_hal_dma.o(i.HAL_DMA_Init)
    HAL_DMA_Start_IT                         0x08000efd   Thumb Code   110  stm32f4xx_hal_dma.o(i.HAL_DMA_Start_IT)
    HAL_Delay                                0x08000f6d   Thumb Code    32  stm32f4xx_hal.o(i.HAL_Delay)
    HAL_ETH_ConfigMAC                        0x08000f91   Thumb Code   300  stm32f4xx_hal_eth.o(i.HAL_ETH_ConfigMAC)
    HAL_ETH_DMARxDescListInit                0x080010c1   Thumb Code   116  stm32f4xx_hal_eth.o(i.HAL_ETH_DMARxDescListInit)
    HAL_ETH_DMATxDescListInit                0x08001135   Thumb Code   120  stm32f4xx_hal_eth.o(i.HAL_ETH_DMATxDescListInit)
    HAL_ETH_GetReceivedFrame                 0x080011ad   Thumb Code   122  stm32f4xx_hal_eth.o(i.HAL_ETH_GetReceivedFrame)
    HAL_ETH_Init                             0x08001229   Thumb Code   450  stm32f4xx_hal_eth.o(i.HAL_ETH_Init)
    HAL_ETH_MspInit                          0x08001415   Thumb Code   194  ethernetif.o(i.HAL_ETH_MspInit)
    HAL_ETH_ReadPHYRegister                  0x080014ed   Thumb Code   132  stm32f4xx_hal_eth.o(i.HAL_ETH_ReadPHYRegister)
    HAL_ETH_Start                            0x08001571   Thumb Code   132  stm32f4xx_hal_eth.o(i.HAL_ETH_Start)
    HAL_ETH_Stop                             0x080015f5   Thumb Code   132  stm32f4xx_hal_eth.o(i.HAL_ETH_Stop)
    HAL_ETH_TransmitFrame                    0x08001679   Thumb Code   264  stm32f4xx_hal_eth.o(i.HAL_ETH_TransmitFrame)
    HAL_ETH_WritePHYRegister                 0x08001781   Thumb Code   120  stm32f4xx_hal_eth.o(i.HAL_ETH_WritePHYRegister)
    HAL_FLASHEx_Erase                        0x080017f9   Thumb Code   146  stm32f4xx_hal_flash_ex.o(i.HAL_FLASHEx_Erase)
    HAL_FLASH_Program                        0x08001895   Thumb Code   116  stm32f4xx_hal_flash.o(i.HAL_FLASH_Program)
    HAL_FLASH_Unlock                         0x08001911   Thumb Code    32  stm32f4xx_hal_flash.o(i.HAL_FLASH_Unlock)
    HAL_GPIO_EXTI_Callback                   0x0800193d   Thumb Code    14  main.o(i.HAL_GPIO_EXTI_Callback)
    HAL_GPIO_EXTI_IRQHandler                 0x08001951   Thumb Code    18  stm32f4xx_hal_gpio.o(i.HAL_GPIO_EXTI_IRQHandler)
    HAL_GPIO_Init                            0x08001969   Thumb Code   414  stm32f4xx_hal_gpio.o(i.HAL_GPIO_Init)
    HAL_GPIO_ReadPin                         0x08001b3d   Thumb Code    10  stm32f4xx_hal_gpio.o(i.HAL_GPIO_ReadPin)
    HAL_GPIO_WritePin                        0x08001b47   Thumb Code    10  stm32f4xx_hal_gpio.o(i.HAL_GPIO_WritePin)
    HAL_GetTick                              0x08001b51   Thumb Code     6  stm32f4xx_hal.o(i.HAL_GetTick)
    HAL_IncTick                              0x08001b5d   Thumb Code    12  stm32f4xx_hal.o(i.HAL_IncTick)
    HAL_Init                                 0x08001b6d   Thumb Code    40  stm32f4xx_hal.o(i.HAL_Init)
    HAL_InitTick                             0x08001b99   Thumb Code    54  stm32f4xx_hal.o(i.HAL_InitTick)
    HAL_MspInit                              0x08001bd9   Thumb Code     2  stm32f4xx_hal.o(i.HAL_MspInit)
    HAL_NVIC_EnableIRQ                       0x08001bdb   Thumb Code    22  stm32f4xx_hal_cortex.o(i.HAL_NVIC_EnableIRQ)
    HAL_NVIC_SetPriority                     0x08001bf1   Thumb Code    60  stm32f4xx_hal_cortex.o(i.HAL_NVIC_SetPriority)
    HAL_NVIC_SetPriorityGrouping             0x08001c31   Thumb Code    26  stm32f4xx_hal_cortex.o(i.HAL_NVIC_SetPriorityGrouping)
    HAL_RCC_ClockConfig                      0x08001c55   Thumb Code   288  stm32f4xx_hal_rcc.o(i.HAL_RCC_ClockConfig)
    HAL_RCC_GetHCLKFreq                      0x08001d89   Thumb Code     6  stm32f4xx_hal_rcc.o(i.HAL_RCC_GetHCLKFreq)
    HAL_RCC_GetPCLK1Freq                     0x08001d95   Thumb Code    20  stm32f4xx_hal_rcc.o(i.HAL_RCC_GetPCLK1Freq)
    HAL_RCC_GetPCLK2Freq                     0x08001db5   Thumb Code    20  stm32f4xx_hal_rcc.o(i.HAL_RCC_GetPCLK2Freq)
    HAL_RCC_GetSysClockFreq                  0x08001dd5   Thumb Code    88  stm32f4xx_hal_rcc.o(i.HAL_RCC_GetSysClockFreq)
    HAL_RCC_MCOConfig                        0x08001e39   Thumb Code   126  stm32f4xx_hal_rcc.o(i.HAL_RCC_MCOConfig)
    HAL_RCC_OscConfig                        0x08001ec5   Thumb Code   834  stm32f4xx_hal_rcc.o(i.HAL_RCC_OscConfig)
    HAL_SYSTICK_Callback                     0x08002221   Thumb Code    10  main.o(i.HAL_SYSTICK_Callback)
    HAL_SYSTICK_Config                       0x08002231   Thumb Code    40  stm32f4xx_hal_cortex.o(i.HAL_SYSTICK_Config)
    HAL_SYSTICK_IRQHandler                   0x08002259   Thumb Code     8  stm32f4xx_hal_cortex.o(i.HAL_SYSTICK_IRQHandler)
    HAL_UART_AbortReceive                    0x08002261   Thumb Code    88  stm32f4xx_hal_uart.o(i.HAL_UART_AbortReceive)
    HAL_UART_ErrorCallback                   0x080022b9   Thumb Code     2  stm32f4xx_hal_uart.o(i.HAL_UART_ErrorCallback)
    HAL_UART_IRQHandler                      0x080022bd   Thumb Code   270  stm32f4xx_hal_uart.o(i.HAL_UART_IRQHandler)
    HAL_UART_Init                            0x080023d1   Thumb Code    98  stm32f4xx_hal_uart.o(i.HAL_UART_Init)
    HAL_UART_MspInit                         0x08002435   Thumb Code   238  usart.o(i.HAL_UART_MspInit)
    HAL_UART_Receive_DMA                     0x0800253d   Thumb Code   138  stm32f4xx_hal_uart.o(i.HAL_UART_Receive_DMA)
    HAL_UART_RxCpltCallback                  0x080025d5   Thumb Code     2  stm32f4xx_hal_uart.o(i.HAL_UART_RxCpltCallback)
    HAL_UART_RxHalfCpltCallback              0x080025d7   Thumb Code     2  stm32f4xx_hal_uart.o(i.HAL_UART_RxHalfCpltCallback)
    HAL_UART_Transmit_DMA                    0x080025d9   Thumb Code   114  stm32f4xx_hal_uart.o(i.HAL_UART_Transmit_DMA)
    HAL_UART_TxCpltCallback                  0x08002659   Thumb Code     2  stm32f4xx_hal_uart.o(i.HAL_UART_TxCpltCallback)
    HAL_UART_TxHalfCpltCallback              0x0800265b   Thumb Code     2  stm32f4xx_hal_uart.o(i.HAL_UART_TxHalfCpltCallback)
    HardFault_Handler                        0x0800265d   Thumb Code     2  stm32f4xx_it.o(i.HardFault_Handler)
    IAP_tftpd_init                           0x08002b1d   Thumb Code    98  tftpserver.o(i.IAP_tftpd_init)
    MX_DMA_Init                              0x08002ecd   Thumb Code    56  dma.o(i.MX_DMA_Init)
    MX_GPIO_Init                             0x08002f09   Thumb Code   150  gpio.o(i.MX_GPIO_Init)
    MX_UART5_Init                            0x08002fad   Thumb Code    68  usart.o(i.MX_UART5_Init)
    MemManage_Handler                        0x08002ffd   Thumb Code     2  stm32f4xx_it.o(i.MemManage_Handler)
    NMI_Handler                              0x08002fff   Thumb Code     2  stm32f4xx_it.o(i.NMI_Handler)
    SysTick_Handler                          0x08003081   Thumb Code    14  stm32f4xx_it.o(i.SysTick_Handler)
    SystemInit                               0x08003125   Thumb Code    66  system_stm32f4xx.o(i.SystemInit)
    UART5_IRQHandler                         0x08003179   Thumb Code    70  stm32f4xx_it.o(i.UART5_IRQHandler)
    UART_Send                                0x08003371   Thumb Code    46  usart.o(i.UART_Send)
    UsageFault_Handler                       0x08003533   Thumb Code     2  stm32f4xx_it.o(i.UsageFault_Handler)
    User_notification                        0x08003535   Thumb Code    84  app_ethernet.o(i.User_notification)
    __0printf$3                              0x080035e5   Thumb Code    22  printf3.o(i.__0printf$3)
    __1printf$3                              0x080035e5   Thumb Code     0  printf3.o(i.__0printf$3)
    __2printf                                0x080035e5   Thumb Code     0  printf3.o(i.__0printf$3)
    __0sprintf$3                             0x08003605   Thumb Code    34  printf3.o(i.__0sprintf$3)
    __1sprintf$3                             0x08003605   Thumb Code     0  printf3.o(i.__0sprintf$3)
    __2sprintf                               0x08003605   Thumb Code     0  printf3.o(i.__0sprintf$3)
    __scatterload_copy                       0x0800362d   Thumb Code    14  handlers.o(i.__scatterload_copy)
    __scatterload_null                       0x0800363b   Thumb Code     2  handlers.o(i.__scatterload_null)
    __scatterload_zeroinit                   0x0800363d   Thumb Code    14  handlers.o(i.__scatterload_zeroinit)
    dhcp_arp_reply                           0x0800382d   Thumb Code    42  dhcp.o(i.dhcp_arp_reply)
    dhcp_coarse_tmr                          0x08003a95   Thumb Code   168  dhcp.o(i.dhcp_coarse_tmr)
    dhcp_fine_tmr                            0x08004151   Thumb Code    46  dhcp.o(i.dhcp_fine_tmr)
    dhcp_network_changed                     0x080042dd   Thumb Code    48  dhcp.o(i.dhcp_network_changed)
    dhcp_release                             0x08004e65   Thumb Code   160  dhcp.o(i.dhcp_release)
    dhcp_renew                               0x08004f0d   Thumb Code   178  dhcp.o(i.dhcp_renew)
    dhcp_start                               0x080050cd   Thumb Code   168  dhcp.o(i.dhcp_start)
    dhcp_stop                                0x0800523d   Thumb Code    74  dhcp.o(i.dhcp_stop)
    dhcp_supplied_address                    0x08005321   Thumb Code    28  dhcp.o(i.dhcp_supplied_address)
    etharp_cleanup_netif                     0x080054fd   Thumb Code    42  etharp.o(i.etharp_cleanup_netif)
    etharp_input                             0x08005775   Thumb Code   166  etharp.o(i.etharp_input)
    etharp_output                            0x08005859   Thumb Code   274  etharp.o(i.etharp_output)
    etharp_query                             0x08005aad   Thumb Code   296  etharp.o(i.etharp_query)
    etharp_request                           0x08005d89   Thumb Code     6  etharp.o(i.etharp_request)
    etharp_tmr                               0x08005db5   Thumb Code    92  etharp.o(i.etharp_tmr)
    ethernet_input                           0x08005efd   Thumb Code   154  ethernet.o(i.ethernet_input)
    ethernet_output                          0x08005f9d   Thumb Code    98  ethernet.o(i.ethernet_output)
    ethernetif_init                          0x0800609d   Thumb Code    50  ethernetif.o(i.ethernetif_init)
    ethernetif_input                         0x08006125   Thumb Code    34  ethernetif.o(i.ethernetif_input)
    ethernetif_notify_conn_changed           0x08006149   Thumb Code   158  app_ethernet.o(i.ethernetif_notify_conn_changed)
    ethernetif_set_link                      0x08006269   Thumb Code    54  ethernetif.o(i.ethernetif_set_link)
    ethernetif_update_config                 0x080062a5   Thumb Code   170  ethernetif.o(i.ethernetif_update_config)
    fputc                                    0x08006355   Thumb Code     2  usart.o(i.fputc)
    icmp_dest_unreach                        0x08006357   Thumb Code     8  icmp.o(i.icmp_dest_unreach)
    icmp_input                               0x08006361   Thumb Code   284  icmp.o(i.icmp_input)
    icmp_time_exceeded                       0x08006669   Thumb Code     8  icmp.o(i.icmp_time_exceeded)
    inet_chksum_pbuf                         0x08006671   Thumb Code    72  inet_chksum.o(i.inet_chksum_pbuf)
    ip4_addr_isbroadcast_u32                 0x080066b9   Thumb Code    46  ip4_addr.o(i.ip4_addr_isbroadcast_u32)
    ip4_frag                                 0x080066e9   Thumb Code   390  ip4_frag.o(i.ip4_frag)
    ip4_input                                0x08006905   Thumb Code   440  ip4.o(i.ip4_input)
    ip4_output_if                            0x08006ac5   Thumb Code    30  ip4.o(i.ip4_output_if)
    ip4_output_if_src                        0x08006ae5   Thumb Code   204  ip4.o(i.ip4_output_if_src)
    ip4_reass                                0x08006c5d   Thumb Code   430  ip4_frag.o(i.ip4_reass)
    ip4_route                                0x08006e11   Thumb Code    82  ip4.o(i.ip4_route)
    ip4addr_ntoa                             0x08006e6d   Thumb Code     8  ip4_addr.o(i.ip4addr_ntoa)
    ip4addr_ntoa_r                           0x08006e79   Thumb Code   120  ip4_addr.o(i.ip4addr_ntoa_r)
    ip_reass_tmr                             0x080073c5   Thumb Code    40  ip4_frag.o(i.ip_reass_tmr)
    lwip_htonl                               0x080076f1   Thumb Code     4  def.o(i.lwip_htonl)
    lwip_htons                               0x080076f5   Thumb Code     4  def.o(i.lwip_htons)
    lwip_init                                0x080076f9   Thumb Code    30  init.o(i.lwip_init)
    lwip_standard_chksum                     0x08007719   Thumb Code    88  inet_chksum.o(i.lwip_standard_chksum)
    main                                     0x08007771   Thumb Code   260  main.o(i.main)
    mem_free                                 0x080078e5   Thumb Code   110  mem.o(i.mem_free)
    mem_init                                 0x08007a0d   Thumb Code    42  mem.o(i.mem_init)
    mem_malloc                               0x08007a41   Thumb Code   256  mem.o(i.mem_malloc)
    mem_trim                                 0x08007c49   Thumb Code   240  mem.o(i.mem_trim)
    memp_free                                0x08007dd9   Thumb Code    34  memp.o(i.memp_free)
    memp_init                                0x08007e81   Thumb Code    26  memp.o(i.memp_init)
    memp_init_pool                           0x08007ea1   Thumb Code    42  memp.o(i.memp_init_pool)
    memp_malloc                              0x08007ecd   Thumb Code    38  memp.o(i.memp_malloc)
    netif_add                                0x08007f7d   Thumb Code   106  netif.o(i.netif_add)
    netif_init                               0x08008069   Thumb Code     2  netif.o(i.netif_init)
    netif_set_addr                           0x08008085   Thumb Code    72  netif.o(i.netif_set_addr)
    netif_set_default                        0x080080cd   Thumb Code     6  netif.o(i.netif_set_default)
    netif_set_down                           0x080080d9   Thumb Code    26  netif.o(i.netif_set_down)
    netif_set_gw                             0x080080f3   Thumb Code     8  netif.o(i.netif_set_gw)
    netif_set_ipaddr                         0x080080fd   Thumb Code    60  netif.o(i.netif_set_ipaddr)
    netif_set_link_callback                  0x0800813d   Thumb Code     8  netif.o(i.netif_set_link_callback)
    netif_set_link_down                      0x08008145   Thumb Code    26  netif.o(i.netif_set_link_down)
    netif_set_link_up                        0x0800815f   Thumb Code    58  netif.o(i.netif_set_link_up)
    netif_set_netmask                        0x08008199   Thumb Code     8  netif.o(i.netif_set_netmask)
    netif_set_up                             0x080081a1   Thumb Code    28  netif.o(i.netif_set_up)
    pbuf_alloc                               0x080081bd   Thumb Code   470  pbuf.o(i.pbuf_alloc)
    pbuf_alloced_custom                      0x08008539   Thumb Code    98  pbuf.o(i.pbuf_alloced_custom)
    pbuf_cat                                 0x08008625   Thumb Code    96  pbuf.o(i.pbuf_cat)
    pbuf_chain                               0x08008761   Thumb Code    18  pbuf.o(i.pbuf_chain)
    pbuf_clen                                0x08008773   Thumb Code    18  pbuf.o(i.pbuf_clen)
    pbuf_copy                                0x08008785   Thumb Code   244  pbuf.o(i.pbuf_copy)
    pbuf_copy_partial                        0x0800897d   Thumb Code   126  pbuf.o(i.pbuf_copy_partial)
    pbuf_free                                0x08008aa5   Thumb Code   174  pbuf.o(i.pbuf_free)
    pbuf_header                              0x08008c19   Thumb Code     6  pbuf.o(i.pbuf_header)
    pbuf_header_force                        0x08008c1f   Thumb Code     6  pbuf.o(i.pbuf_header_force)
    pbuf_realloc                             0x08008d55   Thumb Code   196  pbuf.o(i.pbuf_realloc)
    pbuf_ref                                 0x08008ef9   Thumb Code    32  pbuf.o(i.pbuf_ref)
    sys_check_timeouts                       0x08009119   Thumb Code    68  timeouts.o(i.sys_check_timeouts)
    sys_now                                  0x08009161   Thumb Code     4  ethernetif.o(i.sys_now)
    sys_timeout                              0x08009165   Thumb Code   158  timeouts.o(i.sys_timeout)
    sys_timeouts_init                        0x080092b1   Thumb Code    38  timeouts.o(i.sys_timeouts_init)
    tcp_abandon                              0x080092e5   Thumb Code   218  tcp.o(i.tcp_abandon)
    tcp_abort                                0x0800945d   Thumb Code     6  tcp.o(i.tcp_abort)
    tcp_alloc                                0x08009465   Thumb Code   240  tcp.o(i.tcp_alloc)
    tcp_close                                0x08009561   Thumb Code    20  tcp.o(i.tcp_close)
    tcp_eff_send_mss_impl                    0x08009905   Thumb Code    34  tcp.o(i.tcp_eff_send_mss_impl)
    tcp_enqueue_flags                        0x08009929   Thumb Code   260  tcp_out.o(i.tcp_enqueue_flags)
    tcp_fasttmr                              0x08009b41   Thumb Code   102  tcp.o(i.tcp_fasttmr)
    tcp_init                                 0x08009bdd   Thumb Code     2  tcp.o(i.tcp_init)
    tcp_input                                0x08009be1   Thumb Code  1496  tcp_in.o(i.tcp_input)
    tcp_keepalive                            0x0800a1f9   Thumb Code    82  tcp_out.o(i.tcp_keepalive)
    tcp_netif_ip_addr_changed                0x0800a4e1   Thumb Code    72  tcp.o(i.tcp_netif_ip_addr_changed)
    tcp_next_iss                             0x0800a551   Thumb Code    12  tcp.o(i.tcp_next_iss)
    tcp_output                               0x0800a561   Thumb Code   554  tcp_out.o(i.tcp_output)
    tcp_pcb_purge                            0x0800aa6d   Thumb Code    58  tcp.o(i.tcp_pcb_purge)
    tcp_pcb_remove                           0x0800aaa9   Thumb Code   122  tcp.o(i.tcp_pcb_remove)
    tcp_process_refused_data                 0x0800b049   Thumb Code   106  tcp.o(i.tcp_process_refused_data)
    tcp_recv_null                            0x0800b731   Thumb Code    36  tcp.o(i.tcp_recv_null)
    tcp_recved                               0x0800b755   Thumb Code   108  tcp.o(i.tcp_recved)
    tcp_rexmit                               0x0800b871   Thumb Code    86  tcp_out.o(i.tcp_rexmit)
    tcp_rexmit_fast                          0x0800b8c7   Thumb Code    88  tcp_out.o(i.tcp_rexmit_fast)
    tcp_rexmit_rto                           0x0800b91f   Thumb Code    50  tcp_out.o(i.tcp_rexmit_rto)
    tcp_rst                                  0x0800b951   Thumb Code   148  tcp_out.o(i.tcp_rst)
    tcp_seg_free                             0x0800ba7d   Thumb Code    28  tcp.o(i.tcp_seg_free)
    tcp_segs_free                            0x0800ba99   Thumb Code    18  tcp.o(i.tcp_segs_free)
    tcp_send_empty_ack                       0x0800baab   Thumb Code   114  tcp_out.o(i.tcp_send_empty_ack)
    tcp_send_fin                             0x0800bb1d   Thumb Code    68  tcp_out.o(i.tcp_send_fin)
    tcp_slowtmr                              0x0800bb61   Thumb Code   752  tcp.o(i.tcp_slowtmr)
    tcp_timer_needed                         0x0800c025   Thumb Code    36  timeouts.o(i.tcp_timer_needed)
    tcp_tmr                                  0x0800c0c1   Thumb Code    28  tcp.o(i.tcp_tmr)
    tcp_trigger_input_pcb_close              0x0800c0e1   Thumb Code    12  tcp_in.o(i.tcp_trigger_input_pcb_close)
    tcp_update_rcv_ann_wnd                   0x0800c0f1   Thumb Code    76  tcp.o(i.tcp_update_rcv_ann_wnd)
    tcp_zero_window_probe                    0x0800c1bd   Thumb Code   180  tcp_out.o(i.tcp_zero_window_probe)
    udp_bind                                 0x0800c2a9   Thumb Code   164  udp.o(i.udp_bind)
    udp_connect                              0x0800c355   Thumb Code    76  udp.o(i.udp_connect)
    udp_disconnect                           0x0800c3a5   Thumb Code    16  udp.o(i.udp_disconnect)
    udp_init                                 0x0800c3b5   Thumb Code     2  udp.o(i.udp_init)
    udp_input                                0x0800c3b9   Thumb Code   296  udp.o(i.udp_input)
    udp_netif_ip_addr_changed                0x0800c561   Thumb Code    48  udp.o(i.udp_netif_ip_addr_changed)
    udp_new                                  0x0800c595   Thumb Code    26  udp.o(i.udp_new)
    udp_recv                                 0x0800c5af   Thumb Code     6  udp.o(i.udp_recv)
    udp_remove                               0x0800c5b5   Thumb Code    42  udp.o(i.udp_remove)
    udp_sendto                               0x0800c5e5   Thumb Code    50  udp.o(i.udp_sendto)
    udp_sendto_if                            0x0800c617   Thumb Code    54  udp.o(i.udp_sendto_if)
    udp_sendto_if_src                        0x0800c64d   Thumb Code   186  udp.o(i.udp_sendto_if_src)
    AHBPrescTable                            0x0800c79c   Data          16  system_stm32f4xx.o(.constdata)
    APBPrescTable                            0x0800c7ac   Data           8  system_stm32f4xx.o(.constdata)
    ip_addr_any                              0x0800c7b4   Data           4  ip4_addr.o(.constdata)
    ip_addr_broadcast                        0x0800c7b8   Data           4  ip4_addr.o(.constdata)
    ethbroadcast                             0x0800c7c4   Data           6  ethernet.o(.constdata)
    ethzero                                  0x0800c7ca   Data           6  ethernet.o(.constdata)
    memp_UDP_PCB                             0x0800c7d0   Data          12  memp.o(.constdata)
    memp_TCP_PCB                             0x0800c7dc   Data          12  memp.o(.constdata)
    memp_TCP_PCB_LISTEN                      0x0800c7e8   Data          12  memp.o(.constdata)
    memp_TCP_SEG                             0x0800c7f4   Data          12  memp.o(.constdata)
    memp_REASSDATA                           0x0800c800   Data          12  memp.o(.constdata)
    memp_FRAG_PBUF                           0x0800c80c   Data          12  memp.o(.constdata)
    memp_SYS_TIMEOUT                         0x0800c818   Data          12  memp.o(.constdata)
    memp_PBUF                                0x0800c824   Data          12  memp.o(.constdata)
    memp_PBUF_POOL                           0x0800c830   Data          12  memp.o(.constdata)
    memp_pools                               0x0800c83c   Data          36  memp.o(.constdata)
    tcp_pcb_lists                            0x0800c8a4   Data          16  tcp.o(.constdata)
    lwip_cyclic_timers                       0x0800c8b4   Data          40  timeouts.o(.constdata)
    Region$$Table$$Base                      0x0800cb04   Number         0  anon$$obj.o(Region$$Table)
    Region$$Table$$Limit                     0x0800cb24   Number         0  anon$$obj.o(Region$$Table)
    SystemCoreClock                          0x20000000   Data           4  system_stm32f4xx.o(.data)
    dhcp_rx_options_given                    0x20000010   Data           8  dhcp.o(.data)
    uwTickFreq                               0x20000024   Data           1  stm32f4xx_hal.o(.data)
    uwTickPrio                               0x20000028   Data           4  stm32f4xx_hal.o(.data)
    uwTick                                   0x2000002c   Data           4  stm32f4xx_hal.o(.data)
    gpu_row                                  0x20000030   Data           1  main.o(.data)
    gwDhcpIdleTimeCount                      0x20000032   Data           2  main.o(.data)
    Jump_To_Application                      0x20000034   Data           4  main.o(.data)
    JumpAddress                              0x20000038   Data           4  main.o(.data)
    Command_str                              0x2000003c   Data           4  main.o(.data)
    DHCP_state                               0x20000040   Data           1  app_ethernet.o(.data)
    DHCPfineTimer                            0x20000044   Data           4  app_ethernet.o(.data)
    gbUartRxFlag                             0x20000054   Data           1  usart.o(.data)
    gwUartRxLen                              0x20000056   Data           2  usart.o(.data)
    netif_list                               0x2000008c   Data           4  netif.o(.data)
    netif_default                            0x20000090   Data           4  netif.o(.data)
    tcp_active_pcbs_changed                  0x20000094   Data           1  tcp.o(.data)
    tcp_ticks                                0x200000a0   Data           4  tcp.o(.data)
    tcp_bound_pcbs                           0x200000a4   Data           4  tcp.o(.data)
    tcp_listen_pcbs                          0x200000a8   Data           4  tcp.o(.data)
    tcp_active_pcbs                          0x200000ac   Data           4  tcp.o(.data)
    tcp_tw_pcbs                              0x200000b0   Data           4  tcp.o(.data)
    tcp_input_pcb                            0x200000d4   Data           4  tcp_in.o(.data)
    udp_pcbs                                 0x200000e8   Data           4  udp.o(.data)
    __stdout                                 0x200000f0   Data           4  stdout.o(.data)
    dhcp_rx_options_val                      0x200000f4   Data          32  dhcp.o(.bss)
    pFlash                                   0x20000214   Data          32  stm32f4xx_hal_flash.o(.bss)
    gnetif                                   0x20000234   Data          56  main.o(.bss)
    DMARxDscrTab                             0x2000026c   Data         128  ethernetif.o(.bss)
    DMATxDscrTab                             0x200002ec   Data         128  ethernetif.o(.bss)
    Rx_Buff                                  0x2000036c   Data        6096  ethernetif.o(.bss)
    Tx_Buff                                  0x20001b3c   Data        6096  ethernetif.o(.bss)
    EthHandle                                0x2000330c   Data          72  ethernetif.o(.bss)
    gabUartRxBuffer                          0x20003354   Data        1024  usart.o(.bss)
    gabUartTxBuffer                          0x20003754   Data        1024  usart.o(.bss)
    huart5                                   0x20003b54   Data          64  usart.o(.bss)
    hdma_uart5_rx                            0x20003b94   Data          96  usart.o(.bss)
    hdma_uart5_tx                            0x20003bf4   Data          96  usart.o(.bss)
    ip_data                                  0x20003c54   Data          24  ip.o(.bss)
    ram_heap                                 0x20003c6c   Data       10259  mem.o(.bss)
    memp_memory_UDP_PCB_base                 0x2000647f   Data         195  memp.o(.bss)
    memp_memory_TCP_PCB_base                 0x20006542   Data        1483  memp.o(.bss)
    memp_memory_TCP_PCB_LISTEN_base          0x20006b0d   Data         143  memp.o(.bss)
    memp_memory_TCP_SEG_base                 0x20006b9c   Data         131  memp.o(.bss)
    memp_memory_REASSDATA_base               0x20006c1f   Data         163  memp.o(.bss)
    memp_memory_FRAG_PBUF_base               0x20006cc2   Data         363  memp.o(.bss)
    memp_memory_SYS_TIMEOUT_base             0x20006e2d   Data         163  memp.o(.bss)
    memp_memory_PBUF_base                    0x20006ed0   Data         163  memp.o(.bss)
    memp_memory_PBUF_POOL_base               0x20006f73   Data       12323  memp.o(.bss)
    __initial_sp                             0x2000b4a8   Data           0  startup_stm32f427xx.o(STACK)



==============================================================================

Memory Map of the image

  Image Entry point : 0x080001ad

  Load Region LR_IROM1 (Base: 0x08000000, Size: 0x0000cc18, Max: 0x00100000, ABSOLUTE)

    Execution Region ER_IROM1 (Base: 0x08000000, Size: 0x0000cb24, Max: 0x00100000, ABSOLUTE)

    Base Addr    Size         Type   Attr      Idx    E Section Name        Object

    0x08000000   0x000001ac   Data   RO          878    RESET               startup_stm32f427xx.o
    0x080001ac   0x00000000   Code   RO         4955  * .ARM.Collect$$$$00000000  mc_w.l(entry.o)
    0x080001ac   0x00000004   Code   RO         5238    .ARM.Collect$$$$00000001  mc_w.l(entry2.o)
    0x080001b0   0x00000004   Code   RO         5241    .ARM.Collect$$$$00000004  mc_w.l(entry5.o)
    0x080001b4   0x00000000   Code   RO         5243    .ARM.Collect$$$$00000008  mc_w.l(entry7b.o)
    0x080001b4   0x00000000   Code   RO         5245    .ARM.Collect$$$$0000000A  mc_w.l(entry8b.o)
    0x080001b4   0x00000008   Code   RO         5246    .ARM.Collect$$$$0000000B  mc_w.l(entry9a.o)
    0x080001bc   0x00000000   Code   RO         5248    .ARM.Collect$$$$0000000D  mc_w.l(entry10a.o)
    0x080001bc   0x00000000   Code   RO         5250    .ARM.Collect$$$$0000000F  mc_w.l(entry11a.o)
    0x080001bc   0x00000004   Code   RO         5239    .ARM.Collect$$$$00002712  mc_w.l(entry2.o)
    0x080001c0   0x00000024   Code   RO          879    .text               startup_stm32f427xx.o
    0x080001e4   0x00000062   Code   RO         4958    .text               mc_w.l(uldiv.o)
    0x08000246   0x00000002   PAD
    0x08000248   0x00000024   Code   RO         4960    .text               mc_w.l(rand.o)
    0x0800026c   0x00000024   Code   RO         4963    .text               mc_w.l(memcpya.o)
    0x08000290   0x00000024   Code   RO         4965    .text               mc_w.l(memseta.o)
    0x080002b4   0x00000018   Code   RO         4967    .text               mc_w.l(strncpy.o)
    0x080002cc   0x0000000e   Code   RO         4969    .text               mc_w.l(strlen.o)
    0x080002da   0x0000001a   Code   RO         4971    .text               mc_w.l(memcmp.o)
    0x080002f4   0x0000002c   Code   RO         5253    .text               mc_w.l(uidiv.o)
    0x08000320   0x0000001e   Code   RO         5255    .text               mc_w.l(llshl.o)
    0x0800033e   0x00000020   Code   RO         5257    .text               mc_w.l(llushr.o)
    0x0800035e   0x00000002   PAD
    0x08000360   0x00000024   Code   RO         5270    .text               mc_w.l(init.o)
    0x08000384   0x00000178   Code   RO         3088    i.BSP_Config        main.o
    0x080004fc   0x0000002c   Code   RO         3090    i.BSP_LED_On        main.o
    0x08000528   0x00000002   Code   RO         3358    i.BusFault_Handler  stm32f4xx_it.o
    0x0800052a   0x00000002   PAD
    0x0800052c   0x0000002c   Code   RO         3233    i.DHCP_Periodic_Handle  app_ethernet.o
    0x08000558   0x00000168   Code   RO         3234    i.DHCP_Process      app_ethernet.o
    0x080006c0   0x0000000c   Code   RO         3359    i.DMA1_Stream0_IRQHandler  stm32f4xx_it.o
    0x080006cc   0x0000000c   Code   RO         3360    i.DMA1_Stream7_IRQHandler  stm32f4xx_it.o
    0x080006d8   0x00000028   Code   RO         1223    i.DMA_CalcBaseAndBitshift  stm32f4xx_hal_dma.o
    0x08000700   0x00000054   Code   RO         1224    i.DMA_CheckFifoParam  stm32f4xx_hal_dma.o
    0x08000754   0x00000028   Code   RO         1225    i.DMA_SetConfig     stm32f4xx_hal_dma.o
    0x0800077c   0x00000002   Code   RO         3361    i.DebugMon_Handler  stm32f4xx_it.o
    0x0800077e   0x00000002   PAD
    0x08000780   0x00000020   Code   RO         1329    i.ETH_Delay         stm32f4xx_hal_eth.o
    0x080007a0   0x0000002e   Code   RO         1330    i.ETH_FlushTransmitFIFO  stm32f4xx_hal_eth.o
    0x080007ce   0x00000002   PAD
    0x080007d0   0x00000124   Code   RO         1331    i.ETH_MACDMAConfig  stm32f4xx_hal_eth.o
    0x080008f4   0x00000008   Code   RO         3362    i.EXTI15_10_IRQHandler  stm32f4xx_it.o
    0x080008fc   0x00000002   Code   RO         3091    i.Error_Handler     main.o
    0x080008fe   0x00000002   PAD
    0x08000900   0x00000054   Code   RO         1600    i.FLASH_Erase_Sector  stm32f4xx_hal_flash_ex.o
    0x08000954   0x00000054   Code   RO         1601    i.FLASH_FlushCaches  stm32f4xx_hal_flash_ex.o
    0x080009a8   0x00000034   Code   RO         3322    i.FLASH_If_Erase    flash_if.o
    0x080009dc   0x00000004   Code   RO         3323    i.FLASH_If_Init     flash_if.o
    0x080009e0   0x00000050   Code   RO         3324    i.FLASH_If_Write    flash_if.o
    0x08000a30   0x00000040   Code   RO         1602    i.FLASH_MassErase   stm32f4xx_hal_flash_ex.o
    0x08000a70   0x00000020   Code   RO         1482    i.FLASH_Program_Byte  stm32f4xx_hal_flash.o
    0x08000a90   0x0000002c   Code   RO         1483    i.FLASH_Program_DoubleWord  stm32f4xx_hal_flash.o
    0x08000abc   0x00000024   Code   RO         1484    i.FLASH_Program_HalfWord  stm32f4xx_hal_flash.o
    0x08000ae0   0x00000024   Code   RO         1485    i.FLASH_Program_Word  stm32f4xx_hal_flash.o
    0x08000b04   0x0000007c   Code   RO         1486    i.FLASH_SetErrorCode  stm32f4xx_hal_flash.o
    0x08000b80   0x00000050   Code   RO         1487    i.FLASH_WaitForLastOperation  stm32f4xx_hal_flash.o
    0x08000bd0   0x0000008e   Code   RO         1226    i.HAL_DMA_Abort     stm32f4xx_hal_dma.o
    0x08000c5e   0x00000024   Code   RO         1227    i.HAL_DMA_Abort_IT  stm32f4xx_hal_dma.o
    0x08000c82   0x00000004   Code   RO         1229    i.HAL_DMA_GetError  stm32f4xx_hal_dma.o
    0x08000c86   0x00000002   PAD
    0x08000c88   0x000001a0   Code   RO         1231    i.HAL_DMA_IRQHandler  stm32f4xx_hal_dma.o
    0x08000e28   0x000000d4   Code   RO         1232    i.HAL_DMA_Init      stm32f4xx_hal_dma.o
    0x08000efc   0x0000006e   Code   RO         1236    i.HAL_DMA_Start_IT  stm32f4xx_hal_dma.o
    0x08000f6a   0x00000002   PAD
    0x08000f6c   0x00000024   Code   RO          893    i.HAL_Delay         stm32f4xx_hal.o
    0x08000f90   0x00000130   Code   RO         1333    i.HAL_ETH_ConfigMAC  stm32f4xx_hal_eth.o
    0x080010c0   0x00000074   Code   RO         1334    i.HAL_ETH_DMARxDescListInit  stm32f4xx_hal_eth.o
    0x08001134   0x00000078   Code   RO         1335    i.HAL_ETH_DMATxDescListInit  stm32f4xx_hal_eth.o
    0x080011ac   0x0000007a   Code   RO         1338    i.HAL_ETH_GetReceivedFrame  stm32f4xx_hal_eth.o
    0x08001226   0x00000002   PAD
    0x08001228   0x000001ec   Code   RO         1342    i.HAL_ETH_Init      stm32f4xx_hal_eth.o
    0x08001414   0x000000d8   Code   RO         3509    i.HAL_ETH_MspInit   ethernetif.o
    0x080014ec   0x00000084   Code   RO         1345    i.HAL_ETH_ReadPHYRegister  stm32f4xx_hal_eth.o
    0x08001570   0x00000084   Code   RO         1347    i.HAL_ETH_Start     stm32f4xx_hal_eth.o
    0x080015f4   0x00000084   Code   RO         1348    i.HAL_ETH_Stop      stm32f4xx_hal_eth.o
    0x08001678   0x00000108   Code   RO         1349    i.HAL_ETH_TransmitFrame  stm32f4xx_hal_eth.o
    0x08001780   0x00000078   Code   RO         1351    i.HAL_ETH_WritePHYRegister  stm32f4xx_hal_eth.o
    0x080017f8   0x0000009c   Code   RO         1607    i.HAL_FLASHEx_Erase  stm32f4xx_hal_flash_ex.o
    0x08001894   0x0000007c   Code   RO         1496    i.HAL_FLASH_Program  stm32f4xx_hal_flash.o
    0x08001910   0x0000002c   Code   RO         1498    i.HAL_FLASH_Unlock  stm32f4xx_hal_flash.o
    0x0800193c   0x00000014   Code   RO         3092    i.HAL_GPIO_EXTI_Callback  main.o
    0x08001950   0x00000018   Code   RO         1702    i.HAL_GPIO_EXTI_IRQHandler  stm32f4xx_hal_gpio.o
    0x08001968   0x000001d4   Code   RO         1703    i.HAL_GPIO_Init     stm32f4xx_hal_gpio.o
    0x08001b3c   0x0000000a   Code   RO         1705    i.HAL_GPIO_ReadPin  stm32f4xx_hal_gpio.o
    0x08001b46   0x0000000a   Code   RO         1707    i.HAL_GPIO_WritePin  stm32f4xx_hal_gpio.o
    0x08001b50   0x0000000c   Code   RO          901    i.HAL_GetTick       stm32f4xx_hal.o
    0x08001b5c   0x00000010   Code   RO          907    i.HAL_IncTick       stm32f4xx_hal.o
    0x08001b6c   0x0000002c   Code   RO          908    i.HAL_Init          stm32f4xx_hal.o
    0x08001b98   0x00000040   Code   RO          909    i.HAL_InitTick      stm32f4xx_hal.o
    0x08001bd8   0x00000002   Code   RO          911    i.HAL_MspInit       stm32f4xx_hal.o
    0x08001bda   0x00000016   Code   RO         1093    i.HAL_NVIC_EnableIRQ  stm32f4xx_hal_cortex.o
    0x08001bf0   0x00000040   Code   RO         1099    i.HAL_NVIC_SetPriority  stm32f4xx_hal_cortex.o
    0x08001c30   0x00000024   Code   RO         1100    i.HAL_NVIC_SetPriorityGrouping  stm32f4xx_hal_cortex.o
    0x08001c54   0x00000134   Code   RO         2577    i.HAL_RCC_ClockConfig  stm32f4xx_hal_rcc.o
    0x08001d88   0x0000000c   Code   RO         2582    i.HAL_RCC_GetHCLKFreq  stm32f4xx_hal_rcc.o
    0x08001d94   0x00000020   Code   RO         2584    i.HAL_RCC_GetPCLK1Freq  stm32f4xx_hal_rcc.o
    0x08001db4   0x00000020   Code   RO         2585    i.HAL_RCC_GetPCLK2Freq  stm32f4xx_hal_rcc.o
    0x08001dd4   0x00000064   Code   RO         2586    i.HAL_RCC_GetSysClockFreq  stm32f4xx_hal_rcc.o
    0x08001e38   0x0000008c   Code   RO         2587    i.HAL_RCC_MCOConfig  stm32f4xx_hal_rcc.o
    0x08001ec4   0x0000035c   Code   RO         2589    i.HAL_RCC_OscConfig  stm32f4xx_hal_rcc.o
    0x08002220   0x00000010   Code   RO         3093    i.HAL_SYSTICK_Callback  main.o
    0x08002230   0x00000028   Code   RO         1104    i.HAL_SYSTICK_Config  stm32f4xx_hal_cortex.o
    0x08002258   0x00000008   Code   RO         1105    i.HAL_SYSTICK_IRQHandler  stm32f4xx_hal_cortex.o
    0x08002260   0x00000058   Code   RO         2754    i.HAL_UART_AbortReceive  stm32f4xx_hal_uart.o
    0x080022b8   0x00000002   Code   RO         2765    i.HAL_UART_ErrorCallback  stm32f4xx_hal_uart.o
    0x080022ba   0x00000002   PAD
    0x080022bc   0x00000114   Code   RO         2768    i.HAL_UART_IRQHandler  stm32f4xx_hal_uart.o
    0x080023d0   0x00000062   Code   RO         2769    i.HAL_UART_Init     stm32f4xx_hal_uart.o
    0x08002432   0x00000002   PAD
    0x08002434   0x00000108   Code   RO         3626    i.HAL_UART_MspInit  usart.o
    0x0800253c   0x00000098   Code   RO         2773    i.HAL_UART_Receive_DMA  stm32f4xx_hal_uart.o
    0x080025d4   0x00000002   Code   RO         2775    i.HAL_UART_RxCpltCallback  stm32f4xx_hal_uart.o
    0x080025d6   0x00000002   Code   RO         2776    i.HAL_UART_RxHalfCpltCallback  stm32f4xx_hal_uart.o
    0x080025d8   0x00000080   Code   RO         2778    i.HAL_UART_Transmit_DMA  stm32f4xx_hal_uart.o
    0x08002658   0x00000002   Code   RO         2780    i.HAL_UART_TxCpltCallback  stm32f4xx_hal_uart.o
    0x0800265a   0x00000002   Code   RO         2781    i.HAL_UART_TxHalfCpltCallback  stm32f4xx_hal_uart.o
    0x0800265c   0x00000002   Code   RO         3363    i.HardFault_Handler  stm32f4xx_it.o
    0x0800265e   0x00000002   PAD
    0x08002660   0x00000030   Code   RO         3446    i.IAP_tftp_cleanup_wr  tftpserver.o
    0x08002690   0x00000006   Code   RO         3447    i.IAP_tftp_extract_block  tftpserver.o
    0x08002696   0x00000002   PAD
    0x08002698   0x00000170   Code   RO         3448    i.IAP_tftp_process_write  tftpserver.o
    0x08002808   0x0000023c   Code   RO         3449    i.IAP_tftp_recv_callback  tftpserver.o
    0x08002a44   0x000000d8   Code   RO         3450    i.IAP_tftp_send_ack_packet  tftpserver.o
    0x08002b1c   0x000000b8   Code   RO         3451    i.IAP_tftpd_init    tftpserver.o
    0x08002bd4   0x000002f8   Code   RO         3452    i.IAP_wrq_recv_callback  tftpserver.o
    0x08002ecc   0x0000003c   Code   RO         3689    i.MX_DMA_Init       dma.o
    0x08002f08   0x000000a4   Code   RO         3601    i.MX_GPIO_Init      gpio.o
    0x08002fac   0x00000050   Code   RO         3627    i.MX_UART5_Init     usart.o
    0x08002ffc   0x00000002   Code   RO         3364    i.MemManage_Handler  stm32f4xx_it.o
    0x08002ffe   0x00000002   Code   RO         3365    i.NMI_Handler       stm32f4xx_it.o
    0x08003000   0x00000020   Code   RO         1106    i.NVIC_SetPriority  stm32f4xx_hal_cortex.o
    0x08003020   0x00000060   Code   RO         3094    i.Netif_Config      main.o
    0x08003080   0x0000000e   Code   RO         3366    i.SysTick_Handler   stm32f4xx_it.o
    0x0800308e   0x00000002   PAD
    0x08003090   0x00000094   Code   RO         3095    i.SystemClock_Config  main.o
    0x08003124   0x00000054   Code   RO            5    i.SystemInit        system_stm32f4xx.o
    0x08003178   0x0000005c   Code   RO         3367    i.UART5_IRQHandler  stm32f4xx_it.o
    0x080031d4   0x00000010   Code   RO         2782    i.UART_DMAAbortOnError  stm32f4xx_hal_uart.o
    0x080031e4   0x0000004a   Code   RO         2783    i.UART_DMAError     stm32f4xx_hal_uart.o
    0x0800322e   0x0000003c   Code   RO         2784    i.UART_DMAReceiveCplt  stm32f4xx_hal_uart.o
    0x0800326a   0x0000000a   Code   RO         2786    i.UART_DMARxHalfCplt  stm32f4xx_hal_uart.o
    0x08003274   0x0000002e   Code   RO         2788    i.UART_DMATransmitCplt  stm32f4xx_hal_uart.o
    0x080032a2   0x0000000a   Code   RO         2790    i.UART_DMATxHalfCplt  stm32f4xx_hal_uart.o
    0x080032ac   0x0000001c   Code   RO         2792    i.UART_EndRxTransfer  stm32f4xx_hal_uart.o
    0x080032c8   0x00000012   Code   RO         2793    i.UART_EndTxTransfer  stm32f4xx_hal_uart.o
    0x080032da   0x00000096   Code   RO         2794    i.UART_Receive_IT   stm32f4xx_hal_uart.o
    0x08003370   0x00000038   Code   RO         3628    i.UART_Send         usart.o
    0x080033a8   0x00000128   Code   RO         2795    i.UART_SetConfig    stm32f4xx_hal_uart.o
    0x080034d0   0x00000062   Code   RO         2796    i.UART_Transmit_IT  stm32f4xx_hal_uart.o
    0x08003532   0x00000002   Code   RO         3368    i.UsageFault_Handler  stm32f4xx_it.o
    0x08003534   0x000000b0   Code   RO         3235    i.User_notification  app_ethernet.o
    0x080035e4   0x00000020   Code   RO         5066    i.__0printf$3       mc_w.l(printf3.o)
    0x08003604   0x00000028   Code   RO         5068    i.__0sprintf$3      mc_w.l(printf3.o)
    0x0800362c   0x0000000e   Code   RO         5278    i.__scatterload_copy  mc_w.l(handlers.o)
    0x0800363a   0x00000002   Code   RO         5279    i.__scatterload_null  mc_w.l(handlers.o)
    0x0800363c   0x0000000e   Code   RO         5280    i.__scatterload_zeroinit  mc_w.l(handlers.o)
    0x0800364a   0x00000002   PAD
    0x0800364c   0x000001b8   Code   RO         5073    i._printf_core      mc_w.l(printf3.o)
    0x08003804   0x0000000a   Code   RO         5075    i._sputc            mc_w.l(printf3.o)
    0x0800380e   0x00000002   PAD
    0x08003810   0x0000001c   Code   RO         4789    i.cyclic_timer      timeouts.o
    0x0800382c   0x000000a4   Code   RO          180    i.dhcp_arp_reply    dhcp.o
    0x080038d0   0x00000190   Code   RO          181    i.dhcp_bind         dhcp.o
    0x08003a60   0x00000034   Code   RO          182    i.dhcp_check        dhcp.o
    0x08003a94   0x000000ac   Code   RO          184    i.dhcp_coarse_tmr   dhcp.o
    0x08003b40   0x000002d0   Code   RO          185    i.dhcp_create_msg   dhcp.o
    0x08003e10   0x000000c0   Code   RO          186    i.dhcp_dec_pcb_refcount  dhcp.o
    0x08003ed0   0x00000088   Code   RO          187    i.dhcp_decline      dhcp.o
    0x08003f58   0x0000012c   Code   RO          188    i.dhcp_delete_msg   dhcp.o
    0x08004084   0x000000cc   Code   RO          189    i.dhcp_discover     dhcp.o
    0x08004150   0x00000034   Code   RO          190    i.dhcp_fine_tmr     dhcp.o
    0x08004184   0x00000064   Code   RO          191    i.dhcp_handle_ack   dhcp.o
    0x080041e8   0x000000f4   Code   RO          192    i.dhcp_inc_pcb_refcount  dhcp.o
    0x080042dc   0x00000030   Code   RO          194    i.dhcp_network_changed  dhcp.o
    0x0800430c   0x000000ac   Code   RO          195    i.dhcp_option       dhcp.o
    0x080043b8   0x000000d0   Code   RO          196    i.dhcp_option_byte  dhcp.o
    0x08004488   0x00000104   Code   RO          197    i.dhcp_option_long  dhcp.o
    0x0800458c   0x000000a8   Code   RO          198    i.dhcp_option_short  dhcp.o
    0x08004634   0x00000164   Code   RO          199    i.dhcp_option_trailer  dhcp.o
    0x08004798   0x00000384   Code   RO          200    i.dhcp_parse_reply  dhcp.o
    0x08004b1c   0x000000b8   Code   RO          201    i.dhcp_rebind       dhcp.o
    0x08004bd4   0x000000d4   Code   RO          202    i.dhcp_reboot       dhcp.o
    0x08004ca8   0x000001bc   Code   RO          203    i.dhcp_recv         dhcp.o
    0x08004e64   0x000000a8   Code   RO          204    i.dhcp_release      dhcp.o
    0x08004f0c   0x000000b8   Code   RO          205    i.dhcp_renew        dhcp.o
    0x08004fc4   0x000000f8   Code   RO          206    i.dhcp_select       dhcp.o
    0x080050bc   0x00000010   Code   RO          207    i.dhcp_set_state    dhcp.o
    0x080050cc   0x00000170   Code   RO          209    i.dhcp_start        dhcp.o
    0x0800523c   0x000000e4   Code   RO          210    i.dhcp_stop         dhcp.o
    0x08005320   0x0000001c   Code   RO          211    i.dhcp_supplied_address  dhcp.o
    0x0800533c   0x00000066   Code   RO          212    i.dhcp_timeout      dhcp.o
    0x080053a2   0x00000002   PAD
    0x080053a4   0x000000a8   Code   RO         3960    i.do_memp_free_pool  memp.o
    0x0800544c   0x000000b0   Code   RO         3961    i.do_memp_malloc_pool  memp.o
    0x080054fc   0x00000030   Code   RO          457    i.etharp_cleanup_netif  etharp.o
    0x0800552c   0x00000224   Code   RO          459    i.etharp_find_entry  etharp.o
    0x08005750   0x00000024   Code   RO          460    i.etharp_free_entry  etharp.o
    0x08005774   0x000000e4   Code   RO          462    i.etharp_input      etharp.o
    0x08005858   0x00000178   Code   RO          463    i.etharp_output     etharp.o
    0x080059d0   0x000000dc   Code   RO          464    i.etharp_output_to_arp_index  etharp.o
    0x08005aac   0x000001a0   Code   RO          465    i.etharp_query      etharp.o
    0x08005c4c   0x0000013c   Code   RO          466    i.etharp_raw        etharp.o
    0x08005d88   0x0000000c   Code   RO          467    i.etharp_request    etharp.o
    0x08005d94   0x00000020   Code   RO          468    i.etharp_request_dst  etharp.o
    0x08005db4   0x00000060   Code   RO          469    i.etharp_tmr        etharp.o
    0x08005e14   0x000000e8   Code   RO          470    i.etharp_update_arp_entry  etharp.o
    0x08005efc   0x000000a0   Code   RO         3710    i.ethernet_input    ethernet.o
    0x08005f9c   0x00000100   Code   RO         3711    i.ethernet_output   ethernet.o
    0x0800609c   0x00000088   Code   RO         3510    i.ethernetif_init   ethernetif.o
    0x08006124   0x00000022   Code   RO         3511    i.ethernetif_input  ethernetif.o
    0x08006146   0x00000002   PAD
    0x08006148   0x00000120   Code   RO         3236    i.ethernetif_notify_conn_changed  app_ethernet.o
    0x08006268   0x0000003c   Code   RO         3513    i.ethernetif_set_link  ethernetif.o
    0x080062a4   0x000000b0   Code   RO         3514    i.ethernetif_update_config  ethernetif.o
    0x08006354   0x00000002   Code   RO         3629    i.fputc             usart.o
    0x08006356   0x00000008   Code   RO          578    i.icmp_dest_unreach  icmp.o
    0x0800635e   0x00000002   PAD
    0x08006360   0x000001f4   Code   RO          579    i.icmp_input        icmp.o
    0x08006554   0x00000114   Code   RO          580    i.icmp_send_response  icmp.o
    0x08006668   0x00000008   Code   RO          581    i.icmp_time_exceeded  icmp.o
    0x08006670   0x00000048   Code   RO         3791    i.inet_chksum_pbuf  inet_chksum.o
    0x080066b8   0x0000002e   Code   RO          694    i.ip4_addr_isbroadcast_u32  ip4_addr.o
    0x080066e6   0x00000002   PAD
    0x080066e8   0x0000021c   Code   RO          755    i.ip4_frag          ip4_frag.o
    0x08006904   0x000001c0   Code   RO          630    i.ip4_input         ip4.o
    0x08006ac4   0x0000001e   Code   RO          632    i.ip4_output_if     ip4.o
    0x08006ae2   0x00000002   PAD
    0x08006ae4   0x00000178   Code   RO          633    i.ip4_output_if_src  ip4.o
    0x08006c5c   0x000001b4   Code   RO          756    i.ip4_reass         ip4_frag.o
    0x08006e10   0x0000005c   Code   RO          634    i.ip4_route         ip4.o
    0x08006e6c   0x0000000c   Code   RO          697    i.ip4addr_ntoa      ip4_addr.o
    0x08006e78   0x00000078   Code   RO          698    i.ip4addr_ntoa_r    ip4_addr.o
    0x08006ef0   0x00000058   Code   RO          757    i.ip_frag_free_pbuf_custom_ref  ip4_frag.o
    0x08006f48   0x00000228   Code   RO          758    i.ip_reass_chain_frag_into_datagram_and_validate  ip4_frag.o
    0x08007170   0x00000080   Code   RO          759    i.ip_reass_dequeue_datagram  ip4_frag.o
    0x080071f0   0x00000154   Code   RO          760    i.ip_reass_free_complete_datagram  ip4_frag.o
    0x08007344   0x00000080   Code   RO          761    i.ip_reass_remove_oldest_datagram  ip4_frag.o
    0x080073c4   0x0000002c   Code   RO          762    i.ip_reass_tmr      ip4_frag.o
    0x080073f0   0x00000060   Code   RO          763    i.ipfrag_free_pbuf_custom  ip4_frag.o
    0x08007450   0x0000013c   Code   RO         3515    i.low_level_init    ethernetif.o
    0x0800758c   0x000000bc   Code   RO         3516    i.low_level_input   ethernetif.o
    0x08007648   0x000000a8   Code   RO         3517    i.low_level_output  ethernetif.o
    0x080076f0   0x00000004   Code   RO         3741    i.lwip_htonl        def.o
    0x080076f4   0x00000004   Code   RO         3742    i.lwip_htons        def.o
    0x080076f8   0x0000001e   Code   RO         3859    i.lwip_init         init.o
    0x08007716   0x00000002   PAD
    0x08007718   0x00000058   Code   RO         3798    i.lwip_standard_chksum  inet_chksum.o
    0x08007770   0x00000174   Code   RO         3096    i.main              main.o
    0x080078e4   0x00000128   Code   RO         3906    i.mem_free          mem.o
    0x08007a0c   0x00000034   Code   RO         3907    i.mem_init          mem.o
    0x08007a40   0x00000208   Code   RO         3908    i.mem_malloc        mem.o
    0x08007c48   0x00000190   Code   RO         3909    i.mem_trim          mem.o
    0x08007dd8   0x000000a8   Code   RO         3962    i.memp_free         memp.o
    0x08007e80   0x00000020   Code   RO         3964    i.memp_init         memp.o
    0x08007ea0   0x0000002a   Code   RO         3965    i.memp_init_pool    memp.o
    0x08007eca   0x00000002   PAD
    0x08007ecc   0x000000b0   Code   RO         3966    i.memp_malloc       memp.o
    0x08007f7c   0x000000ec   Code   RO         4072    i.netif_add         netif.o
    0x08008068   0x00000002   Code   RO         4074    i.netif_init        netif.o
    0x0800806a   0x0000001a   Code   RO         4076    i.netif_issue_reports  netif.o
    0x08008084   0x00000048   Code   RO         4078    i.netif_set_addr    netif.o
    0x080080cc   0x0000000c   Code   RO         4079    i.netif_set_default  netif.o
    0x080080d8   0x0000001a   Code   RO         4080    i.netif_set_down    netif.o
    0x080080f2   0x00000008   Code   RO         4081    i.netif_set_gw      netif.o
    0x080080fa   0x00000002   PAD
    0x080080fc   0x00000040   Code   RO         4082    i.netif_set_ipaddr  netif.o
    0x0800813c   0x00000008   Code   RO         4083    i.netif_set_link_callback  netif.o
    0x08008144   0x0000001a   Code   RO         4084    i.netif_set_link_down  netif.o
    0x0800815e   0x0000003a   Code   RO         4085    i.netif_set_link_up  netif.o
    0x08008198   0x00000008   Code   RO         4086    i.netif_set_netmask  netif.o
    0x080081a0   0x0000001c   Code   RO         4087    i.netif_set_up      netif.o
    0x080081bc   0x0000037c   Code   RO         4190    i.pbuf_alloc        pbuf.o
    0x08008538   0x000000ec   Code   RO         4191    i.pbuf_alloced_custom  pbuf.o
    0x08008624   0x0000013c   Code   RO         4192    i.pbuf_cat          pbuf.o
    0x08008760   0x00000012   Code   RO         4193    i.pbuf_chain        pbuf.o
    0x08008772   0x00000012   Code   RO         4194    i.pbuf_clen         pbuf.o
    0x08008784   0x000001f8   Code   RO         4196    i.pbuf_copy         pbuf.o
    0x0800897c   0x00000128   Code   RO         4197    i.pbuf_copy_partial  pbuf.o
    0x08008aa4   0x00000174   Code   RO         4199    i.pbuf_free         pbuf.o
    0x08008c18   0x00000006   Code   RO         4201    i.pbuf_header       pbuf.o
    0x08008c1e   0x00000006   Code   RO         4202    i.pbuf_header_force  pbuf.o
    0x08008c24   0x00000130   Code   RO         4203    i.pbuf_header_impl  pbuf.o
    0x08008d54   0x000001a4   Code   RO         4207    i.pbuf_realloc      pbuf.o
    0x08008ef8   0x00000098   Code   RO         4208    i.pbuf_ref          pbuf.o
    0x08008f90   0x00000188   Code   RO         3910    i.plug_holes        mem.o
    0x08009118   0x00000048   Code   RO         4790    i.sys_check_timeouts  timeouts.o
    0x08009160   0x00000004   Code   RO         3518    i.sys_now           ethernetif.o
    0x08009164   0x0000014c   Code   RO         4792    i.sys_timeout       timeouts.o
    0x080092b0   0x00000034   Code   RO         4793    i.sys_timeouts_init  timeouts.o
    0x080092e4   0x00000178   Code   RO         4363    i.tcp_abandon       tcp.o
    0x0800945c   0x00000006   Code   RO         4364    i.tcp_abort         tcp.o
    0x08009462   0x00000002   PAD
    0x08009464   0x000000fc   Code   RO         4367    i.tcp_alloc         tcp.o
    0x08009560   0x00000014   Code   RO         4370    i.tcp_close         tcp.o
    0x08009574   0x00000194   Code   RO         4371    i.tcp_close_shutdown  tcp.o
    0x08009708   0x000000d0   Code   RO         4372    i.tcp_close_shutdown_fin  tcp.o
    0x080097d8   0x0000012c   Code   RO         4684    i.tcp_create_segment  tcp_out.o
    0x08009904   0x00000022   Code   RO         4375    i.tcp_eff_send_mss_impl  tcp.o
    0x08009926   0x00000002   PAD
    0x08009928   0x00000218   Code   RO         4685    i.tcp_enqueue_flags  tcp_out.o
    0x08009b40   0x0000006c   Code   RO         4377    i.tcp_fasttmr       tcp.o
    0x08009bac   0x00000030   Code   RO         4620    i.tcp_getoptbyte    tcp_in.o
    0x08009bdc   0x00000002   Code   RO         4378    i.tcp_init          tcp.o
    0x08009bde   0x00000002   PAD
    0x08009be0   0x000005d8   Code   RO         4621    i.tcp_input         tcp_in.o
    0x0800a1b8   0x00000040   Code   RO         4622    i.tcp_input_delayed_close  tcp_in.o
    0x0800a1f8   0x00000052   Code   RO         4686    i.tcp_keepalive     tcp_out.o
    0x0800a24a   0x00000002   PAD
    0x0800a24c   0x000000c8   Code   RO         4379    i.tcp_kill_state    tcp.o
    0x0800a314   0x000000d8   Code   RO         4380    i.tcp_listen_closed  tcp.o
    0x0800a3ec   0x000000f4   Code   RO         4623    i.tcp_listen_input  tcp_in.o
    0x0800a4e0   0x0000004c   Code   RO         4383    i.tcp_netif_ip_addr_changed  tcp.o
    0x0800a52c   0x00000022   Code   RO         4384    i.tcp_netif_ip_addr_changed_pcblist  tcp.o
    0x0800a54e   0x00000002   PAD
    0x0800a550   0x00000010   Code   RO         4388    i.tcp_next_iss      tcp.o
    0x0800a560   0x000002d8   Code   RO         4687    i.tcp_output        tcp_out.o
    0x0800a838   0x00000118   Code   RO         4688    i.tcp_output_alloc_header  tcp_out.o
    0x0800a950   0x000000a8   Code   RO         4689    i.tcp_output_segment  tcp_out.o
    0x0800a9f8   0x00000074   Code   RO         4624    i.tcp_parseopt      tcp_in.o
    0x0800aa6c   0x0000003a   Code   RO         4389    i.tcp_pcb_purge     tcp.o
    0x0800aaa6   0x00000002   PAD
    0x0800aaa8   0x00000114   Code   RO         4390    i.tcp_pcb_remove    tcp.o
    0x0800abbc   0x0000048c   Code   RO         4625    i.tcp_process       tcp_in.o
    0x0800b048   0x0000006a   Code   RO         4392    i.tcp_process_refused_data  tcp.o
    0x0800b0b2   0x00000002   PAD
    0x0800b0b4   0x0000067c   Code   RO         4626    i.tcp_receive       tcp_in.o
    0x0800b730   0x00000024   Code   RO         4394    i.tcp_recv_null     tcp.o
    0x0800b754   0x0000011c   Code   RO         4395    i.tcp_recved        tcp.o
    0x0800b870   0x00000056   Code   RO         4691    i.tcp_rexmit        tcp_out.o
    0x0800b8c6   0x00000058   Code   RO         4692    i.tcp_rexmit_fast   tcp_out.o
    0x0800b91e   0x00000032   Code   RO         4693    i.tcp_rexmit_rto    tcp_out.o
    0x0800b950   0x0000012c   Code   RO         4694    i.tcp_rst           tcp_out.o
    0x0800ba7c   0x0000001c   Code   RO         4396    i.tcp_seg_free      tcp.o
    0x0800ba98   0x00000012   Code   RO         4397    i.tcp_segs_free     tcp.o
    0x0800baaa   0x00000072   Code   RO         4695    i.tcp_send_empty_ack  tcp_out.o
    0x0800bb1c   0x00000044   Code   RO         4696    i.tcp_send_fin      tcp_out.o
    0x0800bb60   0x000004c4   Code   RO         4401    i.tcp_slowtmr       tcp.o
    0x0800c024   0x00000034   Code   RO         4796    i.tcp_timer_needed  timeouts.o
    0x0800c058   0x00000068   Code   RO         4627    i.tcp_timewait_input  tcp_in.o
    0x0800c0c0   0x00000020   Code   RO         4402    i.tcp_tmr           tcp.o
    0x0800c0e0   0x00000010   Code   RO         4628    i.tcp_trigger_input_pcb_close  tcp_in.o
    0x0800c0f0   0x000000cc   Code   RO         4404    i.tcp_update_rcv_ann_wnd  tcp.o
    0x0800c1bc   0x000000b4   Code   RO         4699    i.tcp_zero_window_probe  tcp_out.o
    0x0800c270   0x00000038   Code   RO         4797    i.tcpip_tcp_timer   timeouts.o
    0x0800c2a8   0x000000ac   Code   RO         4854    i.udp_bind          udp.o
    0x0800c354   0x00000050   Code   RO         4855    i.udp_connect       udp.o
    0x0800c3a4   0x00000010   Code   RO         4856    i.udp_disconnect    udp.o
    0x0800c3b4   0x00000002   Code   RO         4857    i.udp_init          udp.o
    0x0800c3b6   0x00000002   PAD
    0x0800c3b8   0x000001a8   Code   RO         4858    i.udp_input         udp.o
    0x0800c560   0x00000034   Code   RO         4859    i.udp_netif_ip_addr_changed  udp.o
    0x0800c594   0x0000001a   Code   RO         4860    i.udp_new           udp.o
    0x0800c5ae   0x00000006   Code   RO         4862    i.udp_recv          udp.o
    0x0800c5b4   0x00000030   Code   RO         4863    i.udp_remove        udp.o
    0x0800c5e4   0x00000032   Code   RO         4865    i.udp_sendto        udp.o
    0x0800c616   0x00000036   Code   RO         4866    i.udp_sendto_if     udp.o
    0x0800c64c   0x00000150   Code   RO         4867    i.udp_sendto_if_src  udp.o
    0x0800c79c   0x00000010   Data   RO            6    .constdata          system_stm32f4xx.o
    0x0800c7ac   0x00000008   Data   RO            7    .constdata          system_stm32f4xx.o
    0x0800c7b4   0x00000004   Data   RO          701    .constdata          ip4_addr.o
    0x0800c7b8   0x00000004   Data   RO          702    .constdata          ip4_addr.o
    0x0800c7bc   0x00000008   Data   RO         1238    .constdata          stm32f4xx_hal_dma.o
    0x0800c7c4   0x00000006   Data   RO         3712    .constdata          ethernet.o
    0x0800c7ca   0x00000006   Data   RO         3713    .constdata          ethernet.o
    0x0800c7d0   0x0000000c   Data   RO         3977    .constdata          memp.o
    0x0800c7dc   0x0000000c   Data   RO         3978    .constdata          memp.o
    0x0800c7e8   0x0000000c   Data   RO         3979    .constdata          memp.o
    0x0800c7f4   0x0000000c   Data   RO         3980    .constdata          memp.o
    0x0800c800   0x0000000c   Data   RO         3981    .constdata          memp.o
    0x0800c80c   0x0000000c   Data   RO         3982    .constdata          memp.o
    0x0800c818   0x0000000c   Data   RO         3983    .constdata          memp.o
    0x0800c824   0x0000000c   Data   RO         3984    .constdata          memp.o
    0x0800c830   0x0000000c   Data   RO         3985    .constdata          memp.o
    0x0800c83c   0x00000024   Data   RO         3986    .constdata          memp.o
    0x0800c860   0x00000054   Data   RO         4405    .constdata          tcp.o
    0x0800c8b4   0x00000028   Data   RO         4798    .constdata          timeouts.o
    0x0800c8dc   0x0000008c   Data   RO          214    .conststring        dhcp.o
    0x0800c968   0x00000085   Data   RO          472    .conststring        etharp.o
    0x0800c9ed   0x00000003   PAD
    0x0800c9f0   0x00000043   Data   RO          764    .conststring        ip4_frag.o
    0x0800ca33   0x00000001   PAD
    0x0800ca34   0x00000075   Data   RO         4406    .conststring        tcp.o
    0x0800caa9   0x00000003   PAD
    0x0800caac   0x00000055   Data   RO         4700    .conststring        tcp_out.o
    0x0800cb01   0x00000003   PAD
    0x0800cb04   0x00000020   Data   RO         5276    Region$$Table       anon$$obj.o


    Execution Region RW_IRAM1 (Base: 0x20000000, Size: 0x0000b4a8, Max: 0x00030000, ABSOLUTE)

    Base Addr    Size         Type   Attr      Idx    E Section Name        Object

    0x20000000   0x00000004   Data   RW            8    .data               system_stm32f4xx.o
    0x20000004   0x00000014   Data   RW          215    .data               dhcp.o
    0x20000018   0x00000001   Data   RW          473    .data               etharp.o
    0x20000019   0x00000001   PAD
    0x2000001a   0x00000002   Data   RW          635    .data               ip4.o
    0x2000001c   0x00000008   Data   RW          765    .data               ip4_frag.o
    0x20000024   0x0000000c   Data   RW          915    .data               stm32f4xx_hal.o
    0x20000030   0x00000010   Data   RW         3098    .data               main.o
    0x20000040   0x00000008   Data   RW         3237    .data               app_ethernet.o
    0x20000048   0x0000000c   Data   RW         3453    .data               tftpserver.o
    0x20000054   0x00000001   Data   RW         3631    .data               usart.o
    0x20000055   0x00000001   PAD
    0x20000056   0x00000002   Data   RW         3632    .data               usart.o
    0x20000058   0x0000000c   Data   RW         3912    .data               mem.o
    0x20000064   0x00000004   Data   RW         3987    .data               memp.o
    0x20000068   0x00000004   Data   RW         3988    .data               memp.o
    0x2000006c   0x00000004   Data   RW         3989    .data               memp.o
    0x20000070   0x00000004   Data   RW         3990    .data               memp.o
    0x20000074   0x00000004   Data   RW         3991    .data               memp.o
    0x20000078   0x00000004   Data   RW         3992    .data               memp.o
    0x2000007c   0x00000004   Data   RW         3993    .data               memp.o
    0x20000080   0x00000004   Data   RW         3994    .data               memp.o
    0x20000084   0x00000004   Data   RW         3995    .data               memp.o
    0x20000088   0x0000000c   Data   RW         4088    .data               netif.o
    0x20000094   0x00000020   Data   RW         4407    .data               tcp.o
    0x200000b4   0x00000024   Data   RW         4630    .data               tcp_in.o
    0x200000d8   0x0000000c   Data   RW         4799    .data               timeouts.o
    0x200000e4   0x00000008   Data   RW         4868    .data               udp.o
    0x200000ec   0x00000004   Data   RW         4961    .data               mc_w.l(rand.o)
    0x200000f0   0x00000004   Data   RW         5252    .data               mc_w.l(stdout.o)
    0x200000f4   0x00000020   Zero   RW          213    .bss                dhcp.o
    0x20000114   0x000000f0   Zero   RW          471    .bss                etharp.o
    0x20000204   0x00000010   Zero   RW          700    .bss                ip4_addr.o
    0x20000214   0x00000020   Zero   RW         1499    .bss                stm32f4xx_hal_flash.o
    0x20000234   0x00000038   Zero   RW         3097    .bss                main.o
    0x2000026c   0x000030e8   Zero   RW         3519    .bss                ethernetif.o
    0x20003354   0x00000900   Zero   RW         3630    .bss                usart.o
    0x20003c54   0x00000018   Zero   RW         3889    .bss                ip.o
    0x20003c6c   0x00002813   Zero   RW         3911    .bss                mem.o
    0x2000647f   0x000000c3   Zero   RW         3968    .bss                memp.o
    0x20006542   0x000005cb   Zero   RW         3969    .bss                memp.o
    0x20006b0d   0x0000008f   Zero   RW         3970    .bss                memp.o
    0x20006b9c   0x00000083   Zero   RW         3971    .bss                memp.o
    0x20006c1f   0x000000a3   Zero   RW         3972    .bss                memp.o
    0x20006cc2   0x0000016b   Zero   RW         3973    .bss                memp.o
    0x20006e2d   0x000000a3   Zero   RW         3974    .bss                memp.o
    0x20006ed0   0x000000a3   Zero   RW         3975    .bss                memp.o
    0x20006f73   0x00003023   Zero   RW         3976    .bss                memp.o
    0x20009f96   0x00000002   PAD
    0x20009f98   0x00000010   Zero   RW         4629    .bss                tcp_in.o
    0x20009fa8   0x00001500   Zero   RW          876    STACK               startup_stm32f427xx.o


==============================================================================

Image component sizes


      Code (inc. data)   RO Data    RW Data    ZI Data      Debug   Object Name

       868        374          0          8          0       4674   app_ethernet.o
         0          0          0          0          0       3184   autoip.o
         8          0          0          0          0       1114   def.o
      7030       2766        140         20         32      47993   dhcp.o
        60          4          0          0          0        782   dma.o
         0          0          0          0          0        672   err.o
      2560        810        133          1        240      11207   etharp.o
       416        164         12          0          0       2542   ethernet.o
      1298        160          0          0      12520       7032   ethernetif.o
       136         10          0          0          0       2090   flash_if.o
       164         14          0          0          0        911   gpio.o
       792        364          0          0          0       7493   icmp.o
       160          0          0          0          0       9851   inet_chksum.o
        30          0          0          0          0        600   init.o
         0          0          0          0         24       5597   ip.o
       946        190          0          2          0       6212   ip4.o
       178          4          8          0         16      10838   ip4_addr.o
      2352        688         67          8          0      10054   ip4_frag.o
      1074        372          0         16         56      11028   main.o
      1660        848          0         12      10259       5581   mem.o
       762        546        144         36      15127      10266   memp.o
       574        140          0         12          0      11653   netif.o
      3540       1924          0          0          0      12059   pbuf.o
        36          8        428          0       5376        812   startup_stm32f427xx.o
       174         28          0         12          0      10251   stm32f4xx_hal.o
       202         14          0          0          0      30880   stm32f4xx_hal_cortex.o
      1084         16          8          0          0       7421   stm32f4xx_hal_dma.o
      2304         76          0          0          0      12258   stm32f4xx_hal_eth.o
       520         60          0          0         32       5921   stm32f4xx_hal_flash.o
       388         24          0          0          0       4242   stm32f4xx_hal_flash_ex.o
       512         60          0          0          0       3558   stm32f4xx_hal_gpio.o
      1484        102          0          0          0       6560   stm32f4xx_hal_rcc.o
      1558         44          0          0          0      14558   stm32f4xx_hal_uart.o
       150         34          0          0          0       5349   stm32f4xx_it.o
        84         18         24          4          0     754187   system_stm32f4xx.o
      4214       1626        201         32          0      27904   tcp.o
      4912       1140          0         36         16      18575   tcp_in.o
      2980        888         85          0          0      20034   tcp_out.o
      2154        760          0         12          0      33888   tftpserver.o
       592        230         40         12          0       5807   timeouts.o
      1266        300          0          8          0      11261   udp.o
       402         48          0          3       2304       5169   usart.o

    ----------------------------------------------------------------------
     49680      14854       1332        236      46004    1162068   Object Totals
         0          0         32          0          0          0   (incl. Generated)
        56          0         10          2          2          0   (incl. Padding)

    ----------------------------------------------------------------------

      Code (inc. data)   RO Data    RW Data    ZI Data      Debug   Library Member Name

         0          0          0          0          0          0   entry.o
         0          0          0          0          0          0   entry10a.o
         0          0          0          0          0          0   entry11a.o
         8          4          0          0          0          0   entry2.o
         4          0          0          0          0          0   entry5.o
         0          0          0          0          0          0   entry7b.o
         0          0          0          0          0          0   entry8b.o
         8          4          0          0          0          0   entry9a.o
        30          0          0          0          0          0   handlers.o
        36          8          0          0          0         68   init.o
        30          0          0          0          0         68   llshl.o
        32          0          0          0          0         68   llushr.o
        26          0          0          0          0         80   memcmp.o
        36          0          0          0          0         68   memcpya.o
        36          0          0          0          0        108   memseta.o
       522         20          0          0          0        336   printf3.o
        36         10          0          4          0        136   rand.o
         0          0          0          4          0          0   stdout.o
        14          0          0          0          0         68   strlen.o
        24          0          0          0          0         76   strncpy.o
        44          0          0          0          0         80   uidiv.o
        98          0          0          0          0         92   uldiv.o

    ----------------------------------------------------------------------
       992         46          0          8          0       1248   Library Totals
         8          0          0          0          0          0   (incl. Padding)

    ----------------------------------------------------------------------

      Code (inc. data)   RO Data    RW Data    ZI Data      Debug   Library Name

       984         46          0          8          0       1248   mc_w.l

    ----------------------------------------------------------------------
       992         46          0          8          0       1248   Library Totals

    ----------------------------------------------------------------------

==============================================================================


      Code (inc. data)   RO Data    RW Data    ZI Data      Debug   

     50672      14900       1332        244      46004    1133948   Grand Totals
     50672      14900       1332        244      46004    1133948   ELF Image Totals
     50672      14900       1332        244          0          0   ROM Totals

==============================================================================

    Total RO  Size (Code + RO Data)                52004 (  50.79kB)
    Total RW  Size (RW Data + ZI Data)             46248 (  45.16kB)
    Total ROM Size (Code + RO Data + RW Data)      52248 (  51.02kB)

==============================================================================

